Godot Engine v4.7.2.stable.mono.official.ed1daf0bf - https://godotengine.org
Vulkan 1.4.351 - Forward+ - Using Device #0: NVIDIA - NVIDIA GeForce RTX 5090

DataRegistry loaded 380 entries from res://data/ JSON files (10 characters, 12 jobs, 98 items)
OpenMakaiRanch ready: 10 characters, 12 jobs, 98 items.
[GodotUniversalMCP Runtime] Listening on 127.0.0.1:9501
ERROR: System.InvalidOperationException: ranch_house: blocks town gate approach
   at OpenMakaiRanch.World.RanchPresentationBuilder.BuildFacilityLandmarks() in E:\OpenMakaiRanch\OpenMakaiRanchGame\src\World\RanchPresentationBuilder.cs:line 188
   at OpenMakaiRanch.World.RanchPresentationBuilder.BuildOnce() in E:\OpenMakaiRanch\OpenMakaiRanchGame\src\World\RanchPresentationBuilder.cs:line 128
   at OpenMakaiRanch.World.RanchPresentationBuilder._Ready() in E:\OpenMakaiRanch\OpenMakaiRanchGame\src\World\RanchPresentationBuilder.cs:line 43
   at Godot.Node.InvokeGodotClassMethod(godot_string_name& method, NativeVariantPtrArgs args, godot_variant& ret) in /root/godot/modules/mono/glue/GodotSharp/GodotSharp/Generated/GodotObjects/Node.cs:line 2660
   at Godot.Node3D.InvokeGodotClassMethod(godot_string_name& method, NativeVariantPtrArgs args, godot_variant& ret) in /root/godot/modules/mono/glue/GodotSharp/GodotSharp/Generated/GodotObjects/Node3D.cs:line 1127
   at OpenMakaiRanch.World.RanchPresentationBuilder.InvokeGodotClassMethod(godot_string_name& method, NativeVariantPtrArgs args, godot_variant& ret) in E:\OpenMakaiRanch\OpenMakaiRanchGame\.godot\mono\temp\obj\Debug\Godot.SourceGenerators\Godot.SourceGenerators.ScriptMethodsGenerator\OpenMakaiRanch.World.RanchPresentationBuilder_ScriptMethods.generated.cs:line 180
   at Godot.Bridge.CSharpInstanceBridge.Call(IntPtr godotObjectGCHandle, godot_string_name* method, godot_variant** args, Int32 argCount, godot_variant_call_error* refCallError, godot_variant* ret) in /root/godot/modules/mono/glue/GodotSharp/GodotSharp/Core/Bridge/CSharpInstanceBridge.cs:line 24
   at: void Godot.NativeInterop.ExceptionUtils.LogException(System.Exception) (/root/godot/modules/mono/glue/GodotSharp/GodotSharp/Core/NativeInterop/ExceptionUtils.cs:113)
   C# backtrace (most recent call first):
       [0] void Godot.GD.PushError(string) (/root/godot/modules/mono/glue/GodotSharp/GodotSharp/Core/GD.cs:366)
       [1] void Godot.NativeInterop.ExceptionUtils.LogException(System.Exception) (/root/godot/modules/mono/glue/GodotSharp/GodotSharp/Core/NativeInterop/ExceptionUtils.cs:113)
       [2] Godot.NativeInterop.godot_bool Godot.Bridge.CSharpInstanceBridge.Call(nint, Godot.NativeInterop.godot_string_name*, Godot.NativeInterop.godot_variant**, int, Godot.NativeInterop.godot_variant_call_error*, Godot.NativeInterop.godot_variant*) (/root/godot/modules/mono/glue/GodotSharp/GodotSharp/Core/Bridge/CSharpInstanceBridge.cs:24)
WARNING: Property agent_radius is ceiled to cell_size voxel units and loses precision.
   at: generator_bake_from_source_geometry_data (modules/navigation_3d/3d/nav_mesh_generator_3d.cpp:373)
   C# backtrace (most recent call first):
       [0] void Godot.NativeCalls.godot_icall_3_867(nint, nint, nint, nint, Godot.Callable&) (/root/godot/modules/mono/glue/GodotSharp/GodotSharp/Generated/NativeCalls.cs:7672)
       [1] void Godot.NavigationServer3D.BakeFromSourceGeometryData(Godot.NavigationMesh, Godot.NavigationMeshSourceGeometryData3D, Godot.Callable) (/root/godot/modules/mono/glue/GodotSharp/GodotSharp/Generated/GodotObjects/NavigationServer3D.cs:1683)
       [2] void OpenMakaiRanch.World.SimpleNavigationRegionBuilder.BakeCollision() (E:\OpenMakaiRanch\OpenMakaiRanchGame\src\World\SimpleNavigationRegionBuilder.cs:33)
       [3] bool OpenMakaiRanch.World.SimpleNavigationRegionBuilder.InvokeGodotClassMethod(Godot.NativeInterop.godot_string_name&, Godot.NativeInterop.NativeVariantPtrArgs, Godot.NativeInterop.godot_variant&) (E:\OpenMakaiRanch\OpenMakaiRanchGame\.godot\mono\temp\obj\Debug\Godot.SourceGenerators\Godot.SourceGenerators.ScriptMethodsGenerator\OpenMakaiRanch.World.SimpleNavigationRegionBuilder_ScriptMethods.generated.cs:46)
       [4] Godot.NativeInterop.godot_bool Godot.Bridge.CSharpInstanceBridge.Call(nint, Godot.NativeInterop.godot_string_name*, Godot.NativeInterop.godot_variant**, int, Godot.NativeInterop.godot_variant_call_error*, Godot.NativeInterop.godot_variant*) (/root/godot/modules/mono/glue/GodotSharp/GodotSharp/Core/Bridge/CSharpInstanceBridge.cs:24)
WARNING: Property region_min_size is converted to int and loses precision.
   at: generator_bake_from_source_geometry_data (modules/navigation_3d/3d/nav_mesh_generator_3d.cpp:379)
   C# backtrace (most recent call first):
       [0] void Godot.NativeCalls.godot_icall_3_867(nint, nint, nint, nint, Godot.Callable&) (/root/godot/modules/mono/glue/GodotSharp/GodotSharp/Generated/NativeCalls.cs:7672)
       [1] void Godot.NavigationServer3D.BakeFromSourceGeometryData(Godot.NavigationMesh, Godot.NavigationMeshSourceGeometryData3D, Godot.Callable) (/root/godot/modules/mono/glue/GodotSharp/GodotSharp/Generated/GodotObjects/NavigationServer3D.cs:1683)
       [2] void OpenMakaiRanch.World.SimpleNavigationRegionBuilder.BakeCollision() (E:\OpenMakaiRanch\OpenMakaiRanchGame\src\World\SimpleNavigationRegionBuilder.cs:33)
       [3] bool OpenMakaiRanch.World.SimpleNavigationRegionBuilder.InvokeGodotClassMethod(Godot.NativeInterop.godot_string_name&, Godot.NativeInterop.NativeVariantPtrArgs, Godot.NativeInterop.godot_variant&) (E:\OpenMakaiRanch\OpenMakaiRanchGame\.godot\mono\temp\obj\Debug\Godot.SourceGenerators\Godot.SourceGenerators.ScriptMethodsGenerator\OpenMakaiRanch.World.SimpleNavigationRegionBuilder_ScriptMethods.generated.cs:46)
       [4] Godot.NativeInterop.godot_bool Godot.Bridge.CSharpInstanceBridge.Call(nint, Godot.NativeInterop.godot_string_name*, Godot.NativeInterop.godot_variant**, int, Godot.NativeInterop.godot_variant_call_error*, Godot.NativeInterop.godot_variant*) (/root/godot/modules/mono/glue/GodotSharp/GodotSharp/Core/Bridge/CSharpInstanceBridge.cs:24)
WARNING: Property agent_radius is ceiled to cell_size voxel units and loses precision.
   at: generator_bake_from_source_geometry_data (modules/navigation_3d/3d/nav_mesh_generator_3d.cpp:373)
   C# backtrace (most recent call first):
       [0] void Godot.NativeCalls.godot_icall_3_867(nint, nint, nint, nint, Godot.Callable&) (/root/godot/modules/mono/glue/GodotSharp/GodotSharp/Generated/NativeCalls.cs:7672)
       [1] void Godot.NavigationServer3D.BakeFromSourceGeometryData(Godot.NavigationMesh, Godot.NavigationMeshSourceGeometryData3D, Godot.Callable) (/root/godot/modules/mono/glue/GodotSharp/GodotSharp/Generated/GodotObjects/NavigationServer3D.cs:1683)
       [2] void OpenMakaiRanch.World.SimpleNavigationRegionBuilder.BakeCollision() (E:\OpenMakaiRanch\OpenMakaiRanchGame\src\World\SimpleNavigationRegionBuilder.cs:33)
       [3] bool OpenMakaiRanch.World.SimpleNavigationRegionBuilder.InvokeGodotClassMethod(Godot.NativeInterop.godot_string_name&, Godot.NativeInterop.NativeVariantPtrArgs, Godot.NativeInterop.godot_variant&) (E:\OpenMakaiRanch\OpenMakaiRanchGame\.godot\mono\temp\obj\Debug\Godot.SourceGenerators\Godot.SourceGenerators.ScriptMethodsGenerator\OpenMakaiRanch.World.SimpleNavigationRegionBuilder_ScriptMethods.generated.cs:46)
       [4] Godot.NativeInterop.godot_bool Godot.Bridge.CSharpInstanceBridge.Call(nint, Godot.NativeInterop.godot_string_name*, Godot.NativeInterop.godot_variant**, int, Godot.NativeInterop.godot_variant_call_error*, Godot.NativeInterop.godot_variant*) (/root/godot/modules/mono/glue/GodotSharp/GodotSharp/Core/Bridge/CSharpInstanceBridge.cs:24)
WARNING: Property region_min_size is converted to int and loses precision.
   at: generator_bake_from_source_geometry_data (modules/navigation_3d/3d/nav_mesh_generator_3d.cpp:379)
   C# backtrace (most recent call first):
       [0] void Godot.NativeCalls.godot_icall_3_867(nint, nint, nint, nint, Godot.Callable&) (/root/godot/modules/mono/glue/GodotSharp/GodotSharp/Generated/NativeCalls.cs:7672)
       [1] void Godot.NavigationServer3D.BakeFromSourceGeometryData(Godot.NavigationMesh, Godot.NavigationMeshSourceGeometryData3D, Godot.Callable) (/root/godot/modules/mono/glue/GodotSharp/GodotSharp/Generated/GodotObjects/NavigationServer3D.cs:1683)
       [2] void OpenMakaiRanch.World.SimpleNavigationRegionBuilder.BakeCollision() (E:\OpenMakaiRanch\OpenMakaiRanchGame\src\World\SimpleNavigationRegionBuilder.cs:33)
       [3] bool OpenMakaiRanch.World.SimpleNavigationRegionBuilder.InvokeGodotClassMethod(Godot.NativeInterop.godot_string_name&, Godot.NativeInterop.NativeVariantPtrArgs, Godot.NativeInterop.godot_variant&) (E:\OpenMakaiRanch\OpenMakaiRanchGame\.godot\mono\temp\obj\Debug\Godot.SourceGenerators\Godot.SourceGenerators.ScriptMethodsGenerator\OpenMakaiRanch.World.SimpleNavigationRegionBuilder_ScriptMethods.generated.cs:46)
       [4] Godot.NativeInterop.godot_bool Godot.Bridge.CSharpInstanceBridge.Call(nint, Godot.NativeInterop.godot_string_name*, Godot.NativeInterop.godot_variant**, int, Godot.NativeInterop.godot_variant_call_error*, Godot.NativeInterop.godot_variant*) (/root/godot/modules/mono/glue/GodotSharp/GodotSharp/Core/Bridge/CSharpInstanceBridge.cs:24)
VISUAL CAPTURE PASS
