E:\OpenMakaiRanch\Tools\Blender\build_okachi_supply_house.py:23: DeprecationWarning: 'Material.use_nodes' is expected to be removed in Blender 6.0
  m=bpy.data.materials.new(name); m.diffuse_color=(*color,1); m.use_nodes=True
INFO Draco is available, use library at D:\SteamLibrary\steamapps\common\Blender\5.2\scripts\addons_core\io_scene_gltf2\bf_intern_draco_bridge.dll
INFO MeshOptimizer is available, use library at D:\SteamLibrary\steamapps\common\Blender\5.2\scripts\addons_core\io_scene_gltf2\bf_intern_meshopt_bridge.dll
14:30:10 | INFO: Starting glTF 2.0 export
14:30:10 | INFO: Extracting primitive: Cube.103
14:30:10 | INFO: Primitives created: 1
14:30:10 | INFO: Extracting primitive: Cube.101
14:30:10 | INFO: Primitives created: 1
14:30:10 | INFO: Extracting primitive: Cube.102
14:30:10 | INFO: Primitives created: 1
14:30:10 | INFO: Extracting primitive: Cube.100
14:30:10 | INFO: Primitives created: 1
14:30:10 | INFO: Extracting primitive: Cube.099
14:30:10 | INFO: Primitives created: 1
14:30:10 | INFO: Extracting primitive: Cube.001
14:30:10 | INFO: Primitives created: 1
14:30:10 | INFO: Extracting primitive: Cube.002
14:30:10 | INFO: Primitives created: 1
14:30:10 | INFO: Extracting primitive: Cube.003
14:30:10 | INFO: Primitives created: 1
14:30:10 | INFO: Extracting primitive: Cube.004
14:30:10 | INFO: Primitives created: 1
14:30:10 | INFO: Extracting primitive: Cube.005
14:30:10 | INFO: Primitives created: 1
14:30:10 | INFO: Extracting primitive: Cube.006
14:30:10 | INFO: Primitives created: 1
14:30:10 | INFO: Extracting primitive: Cube.007
14:30:10 | INFO: Primitives created: 1
14:30:10 | INFO: Extracting primitive: Cube.008
14:30:10 | INFO: Primitives created: 1
14:30:10 | INFO: Extracting primitive: Cube.009
14:30:10 | INFO: Primitives created: 1
14:30:10 | INFO: Extracting primitive: Cube.012
14:30:10 | INFO: Primitives created: 1
14:30:10 | INFO: Extracting primitive: Cube.011
14:30:10 | INFO: Primitives created: 1
14:30:10 | INFO: Extracting primitive: Cube.010
14:30:10 | INFO: Primitives created: 1
14:30:10 | INFO: Extracting primitive: Cube.022
14:30:10 | INFO: Primitives created: 1
14:30:10 | INFO: Extracting primitive: Cube.021
14:30:10 | INFO: Primitives created: 1
14:30:10 | INFO: Extracting primitive: Cube.020
14:30:10 | INFO: Primitives created: 1
14:30:10 | INFO: Extracting primitive: Cube.024
14:30:10 | INFO: Primitives created: 1
14:30:10 | INFO: Extracting primitive: Cube.025
14:30:10 | INFO: Primitives created: 1
14:30:10 | INFO: Extracting primitive: Cube.026
14:30:10 | INFO: Primitives created: 1
14:30:10 | INFO: Extracting primitive: Cube.023
14:30:10 | INFO: Primitives created: 1
14:30:10 | INFO: Extracting primitive: Cube.015
14:30:10 | INFO: Primitives created: 1
14:30:10 | INFO: Extracting primitive: Cube.014
14:30:10 | INFO: Primitives created: 1
14:30:10 | INFO: Extracting primitive: Cube.013
14:30:10 | INFO: Primitives created: 1
14:30:10 | INFO: Extracting primitive: Cube.017
14:30:10 | INFO: Primitives created: 1
14:30:10 | INFO: Extracting primitive: Cube.018
14:30:10 | INFO: Primitives created: 1
14:30:10 | INFO: Extracting primitive: Cube.019
14:30:10 | INFO: Primitives created: 1
14:30:10 | INFO: Extracting primitive: Cube.016
14:30:10 | INFO: Primitives created: 1
14:30:10 | INFO: Extracting primitive: Cube.094
14:30:10 | INFO: Primitives created: 1
14:30:10 | INFO: Extracting primitive: Cube.093
14:30:10 | INFO: Primitives created: 1
14:30:10 | INFO: Extracting primitive: Cube.092
14:30:10 | INFO: Primitives created: 1
14:30:10 | INFO: Extracting primitive: Cube.097
14:30:10 | INFO: Primitives created: 1
14:30:10 | INFO: Extracting primitive: Cube.096
14:30:10 | INFO: Primitives created: 1
14:30:10 | INFO: Extracting primitive: Cube.095
14:30:10 | INFO: Primitives created: 1
14:30:10 | INFO: Extracting primitive: Cube.082
14:30:10 | INFO: Primitives created: 1
14:30:10 | INFO: Extracting primitive: Cube.081
14:30:10 | INFO: Primitives created: 1
14:30:10 | INFO: Extracting primitive: Cube.080
14:30:10 | INFO: Primitives created: 1
14:30:10 | INFO: Extracting primitive: Cube.085
14:30:10 | INFO: Primitives created: 1
14:30:10 | INFO: Extracting primitive: Cube.084
14:30:10 | INFO: Primitives created: 1
14:30:10 | INFO: Extracting primitive: Cube.083
14:30:10 | INFO: Primitives created: 1
14:30:10 | INFO: Extracting primitive: Cube
14:30:10 | INFO: Primitives created: 1
14:30:10 | INFO: Extracting primitive: Cube.027
14:30:10 | INFO: Primitives created: 1
14:30:10 | INFO: Extracting primitive: Cube.028
14:30:10 | INFO: Primitives created: 1
14:30:10 | INFO: Extracting primitive: Cube.029
14:30:10 | INFO: Primitives created: 1
14:30:10 | INFO: Extracting primitive: Cube.032
14:30:10 | INFO: Primitives created: 1
14:30:10 | INFO: Extracting primitive: Cube.031
14:30:10 | INFO: Primitives created: 1
14:30:10 | INFO: Extracting primitive: Cube.030
14:30:10 | INFO: Primitives created: 1
14:30:10 | INFO: Extracting primitive: Main.001
14:30:10 | INFO: Primitives created: 1
14:30:10 | INFO: Extracting primitive: Main
14:30:10 | INFO: Primitives created: 1
14:30:10 | INFO: Extracting primitive: Gable.001
14:30:10 | INFO: Primitives created: 1
14:30:10 | INFO: Extracting primitive: Gable
14:30:10 | INFO: Primitives created: 1
14:30:10 | INFO: Extracting primitive: Cube.136
14:30:10 | INFO: Primitives created: 1
14:30:10 | INFO: Extracting primitive: Cube.120
14:30:10 | INFO: Primitives created: 1
14:30:10 | INFO: Extracting primitive: Cube.121
14:30:10 | INFO: Primitives created: 1
14:30:10 | INFO: Extracting primitive: Cube.122
14:30:10 | INFO: Primitives created: 1
14:30:10 | INFO: Extracting primitive: Cube.123
14:30:10 | INFO: Primitives created: 1
14:30:10 | INFO: Extracting primitive: Cube.124
14:30:10 | INFO: Primitives created: 1
14:30:10 | INFO: Extracting primitive: Cube.125
14:30:10 | INFO: Primitives created: 1
14:30:10 | INFO: Extracting primitive: Cube.126
14:30:10 | INFO: Primitives created: 1
14:30:10 | INFO: Extracting primitive: Cube.127
14:30:10 | INFO: Primitives created: 1
14:30:10 | INFO: Extracting primitive: Cube.128
14:30:10 | INFO: Primitives created: 1
14:30:10 | INFO: Extracting primitive: Cube.129
14:30:10 | INFO: Primitives created: 1
14:30:10 | INFO: Extracting primitive: Cube.130
14:30:10 | INFO: Primitives created: 1
14:30:10 | INFO: Extracting primitive: Cube.131
14:30:10 | INFO: Primitives created: 1
14:30:10 | INFO: Extracting primitive: Cube.132
14:30:10 | INFO: Primitives created: 1
14:30:10 | INFO: Extracting primitive: Cube.133
14:30:10 | INFO: Primitives created: 1
14:30:10 | INFO: Extracting primitive: Cube.134
14:30:10 | INFO: Primitives created: 1
14:30:10 | INFO: Extracting primitive: Cube.135
14:30:10 | INFO: Primitives created: 1
14:30:10 | INFO: Extracting primitive: Cube.104
14:30:10 | INFO: Primitives created: 1
14:30:10 | INFO: Extracting primitive: Cube.105
14:30:10 | INFO: Primitives created: 1
14:30:10 | INFO: Extracting primitive: Cube.106
14:30:10 | INFO: Primitives created: 1
14:30:10 | INFO: Extracting primitive: Cube.107
14:30:10 | INFO: Primitives created: 1
14:30:10 | INFO: Extracting primitive: Cube.108
14:30:10 | INFO: Primitives created: 1
14:30:10 | INFO: Extracting primitive: Cube.109
14:30:10 | INFO: Primitives created: 1
14:30:10 | INFO: Extracting primitive: Cube.110
14:30:10 | INFO: Primitives created: 1
14:30:10 | INFO: Extracting primitive: Cube.111
14:30:10 | INFO: Primitives created: 1
14:30:10 | INFO: Extracting primitive: Cube.112
14:30:10 | INFO: Primitives created: 1
14:30:10 | INFO: Extracting primitive: Cube.113
14:30:10 | INFO: Primitives created: 1
14:30:10 | INFO: Extracting primitive: Cube.114
14:30:10 | INFO: Primitives created: 1
14:30:10 | INFO: Extracting primitive: Cube.115
14:30:10 | INFO: Primitives created: 1
14:30:10 | INFO: Extracting primitive: Cube.116
14:30:10 | INFO: Primitives created: 1
14:30:10 | INFO: Extracting primitive: Cube.117
14:30:10 | INFO: Primitives created: 1
14:30:10 | INFO: Extracting primitive: Cube.118
14:30:10 | INFO: Primitives created: 1
14:30:10 | INFO: Extracting primitive: Cube.119
14:30:10 | INFO: Primitives created: 1
14:30:10 | INFO: Extracting primitive: Cube.098
14:30:10 | INFO: Primitives created: 1
14:30:10 | INFO: Extracting primitive: Cube.086
14:30:10 | INFO: Primitives created: 1
14:30:10 | INFO: Extracting primitive: Cube.054
14:30:10 | INFO: Primitives created: 1
14:30:10 | INFO: Extracting primitive: Cube.055
14:30:10 | INFO: Primitives created: 1
14:30:10 | INFO: Extracting primitive: Cube.056
14:30:10 | INFO: Primitives created: 1
14:30:10 | INFO: Extracting primitive: Cube.057
14:30:10 | INFO: Primitives created: 1
14:30:10 | INFO: Extracting primitive: Cube.058
14:30:10 | INFO: Primitives created: 1
14:30:10 | INFO: Extracting primitive: Cube.059
14:30:10 | INFO: Primitives created: 1
14:30:10 | INFO: Extracting primitive: Cube.060
14:30:10 | INFO: Primitives created: 1
14:30:10 | INFO: Extracting primitive: Cube.033
14:30:10 | INFO: Primitives created: 1
14:30:10 | INFO: Extracting primitive: Cube.034
14:30:10 | INFO: Primitives created: 1
14:30:10 | INFO: Extracting primitive: Cube.035
14:30:10 | INFO: Primitives created: 1
14:30:10 | INFO: Extracting primitive: Cube.036
14:30:10 | INFO: Primitives created: 1
14:30:10 | INFO: Extracting primitive: Cube.037
14:30:10 | INFO: Primitives created: 1
14:30:10 | INFO: Extracting primitive: Cube.038
14:30:10 | INFO: Primitives created: 1
14:30:10 | INFO: Extracting primitive: Cube.039
14:30:10 | INFO: Primitives created: 1
14:30:10 | INFO: Extracting primitive: Cube.063
14:30:10 | INFO: Primitives created: 1
14:30:10 | INFO: Extracting primitive: Cube.062
14:30:10 | INFO: Primitives created: 1
14:30:10 | INFO: Extracting primitive: Cube.061
14:30:10 | INFO: Primitives created: 1
14:30:10 | INFO: Extracting primitive: Cube.065
14:30:10 | INFO: Primitives created: 1
14:30:10 | INFO: Extracting primitive: Cube.066
14:30:10 | INFO: Primitives created: 1
14:30:10 | INFO: Extracting primitive: Cube.067
14:30:10 | INFO: Primitives created: 1
14:30:10 | INFO: Extracting primitive: Cube.064
14:30:10 | INFO: Primitives created: 1
14:30:10 | INFO: Extracting primitive: Cube.070
14:30:10 | INFO: Primitives created: 1
14:30:10 | INFO: Extracting primitive: Cube.069
14:30:10 | INFO: Primitives created: 1
14:30:10 | INFO: Extracting primitive: Cube.068
14:30:10 | INFO: Primitives created: 1
14:30:10 | INFO: Extracting primitive: Cube.072
14:30:10 | INFO: Primitives created: 1
14:30:10 | INFO: Extracting primitive: Cube.073
14:30:10 | INFO: Primitives created: 1
14:30:10 | INFO: Extracting primitive: Cube.074
14:30:10 | INFO: Primitives created: 1
14:30:10 | INFO: Extracting primitive: Cube.071
14:30:10 | INFO: Primitives created: 1
14:30:10 | INFO: Extracting primitive: Cube.042
14:30:10 | INFO: Primitives created: 1
14:30:10 | INFO: Extracting primitive: Cube.041
14:30:10 | INFO: Primitives created: 1
14:30:10 | INFO: Extracting primitive: Cube.040
14:30:10 | INFO: Primitives created: 1
14:30:10 | INFO: Extracting primitive: Cube.044
14:30:10 | INFO: Primitives created: 1
14:30:10 | INFO: Extracting primitive: Cube.045
14:30:10 | INFO: Primitives created: 1
14:30:10 | INFO: Extracting primitive: Cube.046
14:30:10 | INFO: Primitives created: 1
14:30:10 | INFO: Extracting primitive: Cube.043
14:30:10 | INFO: Primitives created: 1
14:30:10 | INFO: Extracting primitive: Cube.049
14:30:10 | INFO: Primitives created: 1
14:30:10 | INFO: Extracting primitive: Cube.048
14:30:10 | INFO: Primitives created: 1
14:30:10 | INFO: Extracting primitive: Cube.047
14:30:10 | INFO: Primitives created: 1
14:30:10 | INFO: Extracting primitive: Cube.051
14:30:10 | INFO: Primitives created: 1
14:30:10 | INFO: Extracting primitive: Cube.052
14:30:10 | INFO: Primitives created: 1
14:30:10 | INFO: Extracting primitive: Cube.053
14:30:10 | INFO: Primitives created: 1
14:30:10 | INFO: Extracting primitive: Cube.050
14:30:10 | INFO: Primitives created: 1
14:30:10 | INFO: Extracting primitive: Cube.087
14:30:10 | INFO: Primitives created: 1
14:30:10 | INFO: Extracting primitive: Cube.088
14:30:10 | INFO: Primitives created: 1
14:30:10 | INFO: Extracting primitive: Cube.089
14:30:10 | INFO: Primitives created: 1
14:30:10 | INFO: Extracting primitive: Cube.090
14:30:10 | INFO: Primitives created: 1
14:30:10 | INFO: Extracting primitive: Cube.091
14:30:10 | INFO: Primitives created: 1
14:30:10 | INFO: Extracting primitive: Cube.075
14:30:10 | INFO: Primitives created: 1
14:30:10 | INFO: Extracting primitive: Cube.076
14:30:10 | INFO: Primitives created: 1
14:30:10 | INFO: Extracting primitive: Cube.077
14:30:10 | INFO: Primitives created: 1
14:30:10 | INFO: Extracting primitive: Cube.078
14:30:10 | INFO: Primitives created: 1
14:30:10 | INFO: Extracting primitive: Cube.079
14:30:10 | INFO: Primitives created: 1
14:30:10 | INFO: Extracting primitive: Cube.137
14:30:10 | INFO: Primitives created: 1
14:30:10 | INFO: Extracting primitive: Cube.139
14:30:10 | INFO: Primitives created: 1
14:30:10 | INFO: Extracting primitive: Cube.138
14:30:10 | INFO: Primitives created: 1
14:30:10 | INFO: Finished glTF 2.0 export in 0.17757296562194824 s

EXPORT_OK base_shell 144
14:30:10 | INFO: Starting glTF 2.0 export
14:30:10 | INFO: Extracting primitive: Cube.158
14:30:10 | INFO: Primitives created: 1
14:30:10 | INFO: Extracting primitive: Cube.159
14:30:10 | INFO: Primitives created: 1
14:30:10 | INFO: Extracting primitive: Cube.160
14:30:10 | INFO: Primitives created: 1
14:30:10 | INFO: Extracting primitive: Cube.140
14:30:10 | INFO: Primitives created: 1
14:30:10 | INFO: Extracting primitive: Cube.141
14:30:10 | INFO: Primitives created: 1
14:30:10 | INFO: Extracting primitive: Cube.142
14:30:10 | INFO: Primitives created: 1
14:30:10 | INFO: Extracting primitive: Cube.143
14:30:10 | INFO: Primitives created: 1
14:30:10 | INFO: Extracting primitive: Cube.146
14:30:10 | INFO: Primitives created: 1
14:30:10 | INFO: Extracting primitive: Cube.145
14:30:10 | INFO: Primitives created: 1
14:30:10 | INFO: Extracting primitive: Cube.144
14:30:10 | INFO: Primitives created: 1
14:30:10 | INFO: Extracting primitive: Cube.184
14:30:10 | INFO: Primitives created: 1
14:30:10 | INFO: Extracting primitive: Cube.183
14:30:10 | INFO: Primitives created: 1
14:30:10 | INFO: Extracting primitive: Cube.147
14:30:10 | INFO: Primitives created: 1
14:30:10 | INFO: Extracting primitive: Cube.148
14:30:10 | INFO: Primitives created: 1
14:30:10 | INFO: Extracting primitive: Cube.149
14:30:10 | INFO: Primitives created: 1
14:30:10 | INFO: Extracting primitive: Cube.150
14:30:10 | INFO: Primitives created: 1
14:30:10 | INFO: Extracting primitive: Cube.153
14:30:10 | INFO: Primitives created: 1
14:30:10 | INFO: Extracting primitive: Cube.152
14:30:10 | INFO: Primitives created: 1
14:30:10 | INFO: Extracting primitive: Cube.151
14:30:10 | INFO: Primitives created: 1
14:30:10 | INFO: Extracting primitive: Cube.155
14:30:10 | INFO: Primitives created: 1
14:30:10 | INFO: Extracting primitive: Cube.156
14:30:10 | INFO: Primitives created: 1
14:30:10 | INFO: Extracting primitive: Cube.157
14:30:10 | INFO: Primitives created: 1
14:30:10 | INFO: Extracting primitive: Cube.154
14:30:10 | INFO: Primitives created: 1
14:30:10 | INFO: Extracting primitive: Cube.163
14:30:10 | INFO: Primitives created: 1
14:30:10 | INFO: Extracting primitive: Cube.162
14:30:10 | INFO: Primitives created: 1
14:30:10 | INFO: Extracting primitive: Cube.161
14:30:10 | INFO: Primitives created: 1
14:30:10 | INFO: Extracting primitive: Annex.001
14:30:10 | INFO: Primitives created: 1
14:30:10 | INFO: Extracting primitive: Annex
14:30:10 | INFO: Primitives created: 1
14:30:10 | INFO: Extracting primitive: Annex_Rear_Gable
14:30:10 | INFO: Primitives created: 1
14:30:10 | INFO: Extracting primitive: Cube.182
14:30:10 | INFO: Primitives created: 1
14:30:10 | INFO: Extracting primitive: Cube.173
14:30:10 | INFO: Primitives created: 1
14:30:10 | INFO: Extracting primitive: Cube.174
14:30:10 | INFO: Primitives created: 1
14:30:10 | INFO: Extracting primitive: Cube.175
14:30:10 | INFO: Primitives created: 1
14:30:10 | INFO: Extracting primitive: Cube.176
14:30:10 | INFO: Primitives created: 1
14:30:10 | INFO: Extracting primitive: Cube.177
14:30:10 | INFO: Primitives created: 1
14:30:10 | INFO: Extracting primitive: Cube.178
14:30:10 | INFO: Primitives created: 1
14:30:10 | INFO: Extracting primitive: Cube.179
14:30:10 | INFO: Primitives created: 1
14:30:10 | INFO: Extracting primitive: Cube.180
14:30:10 | INFO: Primitives created: 1
14:30:10 | INFO: Extracting primitive: Cube.181
14:30:10 | INFO: Primitives created: 1
14:30:10 | INFO: Extracting primitive: Cube.164
14:30:10 | INFO: Primitives created: 1
14:30:10 | INFO: Extracting primitive: Cube.165
14:30:10 | INFO: Primitives created: 1
14:30:10 | INFO: Extracting primitive: Cube.166
14:30:10 | INFO: Primitives created: 1
14:30:10 | INFO: Extracting primitive: Cube.167
14:30:10 | INFO: Primitives created: 1
14:30:10 | INFO: Extracting primitive: Cube.168
14:30:10 | INFO: Primitives created: 1
14:30:10 | INFO: Extracting primitive: Cube.169
14:30:10 | INFO: Primitives created: 1
14:30:10 | INFO: Extracting primitive: Cube.170
14:30:10 | INFO: Primitives created: 1
14:30:10 | INFO: Extracting primitive: Cube.171
14:30:10 | INFO: Primitives created: 1
14:30:10 | INFO: Extracting primitive: Cube.172
14:30:10 | INFO: Primitives created: 1
14:30:10 | INFO: Finished glTF 2.0 export in 0.11632990837097168 s

EXPORT_OK rear_annex 48
14:30:10 | INFO: Starting glTF 2.0 export
14:30:10 | INFO: Extracting primitive: Cube.186
14:30:10 | INFO: Primitives created: 1
14:30:10 | INFO: Extracting primitive: Cube.185
14:30:10 | INFO: Primitives created: 1
14:30:10 | INFO: Finished glTF 2.0 export in 0.009626626968383789 s
E:\OpenMakaiRanch\Tools\Blender\build_okachi_supply_house.py:187: DeprecationWarning: 'World.use_nodes' is expected to be removed in Blender 6.0
  world=bpy.data.worlds.new('Warm_Daylight');scene.world=world;world.use_nodes=True;world.node_tree.nodes['Background'].inputs[0].default_value=(.63,.73,.85,1);world.node_tree.nodes['Background'].inputs[1].default_value=.55
00:33.469  render           | Saved: 'E:\OpenMakaiRanch\OpenMakaiRanchGame\docs\art\okachi_supply_house\exterior.png'
01:22.625  render           | Saved: 'E:\OpenMakaiRanch\OpenMakaiRanchGame\docs\art\okachi_supply_house\roof_cutaway.png'

EXPORT_OK rear_connection_cap 2
Info: Saved as "okachi_supply_house.blend"
VERIFIED_DOORS 8 SPINE [] FINISHED
Blender 5.2.1 LTS (hash 9e2066aef7ef built 2026-08-25 02:38:20)

Blender quit
