00:00.766  blend            | Read blend: "E:\OpenMakaiRanch\OpenMakaiRanchGame\assets\3d\ranch_furniture\ranch_furniture.blend"
E:\OpenMakaiRanch\Tools\Blender\materialize_ranch_asset.py:107: DeprecationWarning: 'Material.use_nodes' is expected to be removed in Blender 6.0
  material.use_nodes = True
Info: Saved as "bed_large.blend"
INFO Draco is available, use library at D:\SteamLibrary\steamapps\common\Blender\5.2\scripts\addons_core\io_scene_gltf2\bf_intern_draco_bridge.dll
INFO MeshOptimizer is available, use library at D:\SteamLibrary\steamapps\common\Blender\5.2\scripts\addons_core\io_scene_gltf2\bf_intern_meshopt_bridge.dll
06:14:46 | INFO: Starting glTF 2.0 export
06:14:46 | INFO: Extracting primitive: duvet_sculpted_folds.001
06:14:46 | INFO: Primitives created: 1
06:14:46 | INFO: Extracting primitive: Cube.201
06:14:46 | INFO: Primitives created: 1
06:14:46 | INFO: Extracting primitive: Cube.202
06:14:46 | INFO: Primitives created: 1
06:14:46 | INFO: Extracting primitive: Cube.215
06:14:46 | INFO: Primitives created: 1
06:14:46 | INFO: Extracting primitive: Cube.216
06:14:46 | INFO: Primitives created: 1
06:14:46 | INFO: Extracting primitive: Cube.217
06:14:46 | INFO: Primitives created: 1
06:14:46 | INFO: Extracting primitive: Cube.218
06:14:46 | INFO: Primitives created: 1
06:14:46 | INFO: Extracting primitive: Cube.219
06:14:46 | INFO: Primitives created: 1
06:14:46 | INFO: Extracting primitive: Cube.220
06:14:46 | INFO: Primitives created: 1
06:14:46 | INFO: Extracting primitive: Cube.221
06:14:46 | INFO: Primitives created: 1
06:14:46 | INFO: Extracting primitive: Cube.222
06:14:46 | INFO: Primitives created: 1
06:14:46 | INFO: Extracting primitive: Cube.223
06:14:46 | INFO: Primitives created: 1
06:14:46 | INFO: Extracting primitive: mattress.001
06:14:46 | INFO: Primitives created: 1
06:14:46 | INFO: Extracting primitive: mattress_lower_piping.001
06:14:46 | INFO: Primitives created: 1
06:14:46 | INFO: Extracting primitive: mattress_upper_piping.001
06:14:46 | INFO: Primitives created: 1
06:14:46 | INFO: Extracting primitive: Cube.199
06:14:46 | INFO: Primitives created: 1
06:14:46 | INFO: Extracting primitive: Cube.200
06:14:46 | INFO: Primitives created: 1
06:14:46 | INFO: Extracting primitive: pillow.001
06:14:46 | INFO: Primitives created: 1
06:14:46 | INFO: Extracting primitive: Cube.203
06:14:46 | INFO: Primitives created: 1
06:14:46 | INFO: Extracting primitive: Cube.204
06:14:46 | INFO: Primitives created: 1
06:14:46 | INFO: Extracting primitive: Cube.205
06:14:46 | INFO: Primitives created: 1
06:14:46 | INFO: Extracting primitive: Cube.206
06:14:46 | INFO: Primitives created: 1
06:14:46 | INFO: Extracting primitive: Cube.207
06:14:46 | INFO: Primitives created: 1
06:14:46 | INFO: Extracting primitive: Cube.208
06:14:46 | INFO: Primitives created: 1
06:14:46 | INFO: Extracting primitive: Cube.209
06:14:46 | INFO: Primitives created: 1
06:14:46 | INFO: Extracting primitive: Cube.210
06:14:46 | INFO: Primitives created: 1
06:14:46 | INFO: Extracting primitive: Cube.211
06:14:46 | INFO: Primitives created: 1
06:14:46 | INFO: Extracting primitive: Cube.212
06:14:46 | INFO: Primitives created: 1
06:14:46 | INFO: Extracting primitive: Cube.213
06:14:46 | INFO: Primitives created: 1
06:14:46 | INFO: Extracting primitive: Cube.214
06:14:46 | INFO: Primitives created: 1
06:14:46 | INFO: Extracting primitive: turned_bed_foot.004
06:14:46 | INFO: Primitives created: 1
06:14:46 | INFO: Extracting primitive: turned_bed_foot.005
06:14:46 | INFO: Primitives created: 1
06:14:46 | INFO: Extracting primitive: turned_bed_foot.006
06:14:46 | INFO: Primitives created: 1
06:14:46 | INFO: Extracting primitive: turned_bed_foot.007
06:14:46 | INFO: Primitives created: 1
06:14:46 | INFO: Finished glTF 2.0 export in 0.14122223854064941 s

TEXTURED_ASSET_PASS ranch_furniture bed_large 17536 3
Blender 5.2.1 LTS (hash 9e2066aef7ef built 2026-08-25 02:38:20)

Blender quit
