00:00.766  blend            | Read blend: "E:\OpenMakaiRanch\OpenMakaiRanchGame\assets\3d\ranch_furniture\ranch_furniture.blend"
E:\OpenMakaiRanch\Tools\Blender\materialize_ranch_asset.py:107: DeprecationWarning: 'Material.use_nodes' is expected to be removed in Blender 6.0
  material.use_nodes = True
Info: Saved as "chair_large.blend"
INFO Draco is available, use library at D:\SteamLibrary\steamapps\common\Blender\5.2\scripts\addons_core\io_scene_gltf2\bf_intern_draco_bridge.dll
INFO MeshOptimizer is available, use library at D:\SteamLibrary\steamapps\common\Blender\5.2\scripts\addons_core\io_scene_gltf2\bf_intern_meshopt_bridge.dll
06:14:48 | INFO: Starting glTF 2.0 export
06:14:48 | INFO: Extracting primitive: Cube.228
06:14:48 | INFO: Primitives created: 1
06:14:48 | INFO: Extracting primitive: Cube.229
06:14:48 | INFO: Primitives created: 1
06:14:48 | INFO: Extracting primitive: Cube.230
06:14:48 | INFO: Primitives created: 1
06:14:48 | INFO: Extracting primitive: Cube.231
06:14:48 | INFO: Primitives created: 1
06:14:48 | INFO: Extracting primitive: Cube.232
06:14:48 | INFO: Primitives created: 1
06:14:48 | INFO: Extracting primitive: curved_seat.001
06:14:48 | INFO: Primitives created: 1
06:14:48 | INFO: Extracting primitive: Cube.233
06:14:48 | INFO: Primitives created: 1
06:14:48 | INFO: Extracting primitive: Cube.234
06:14:48 | INFO: Primitives created: 1
06:14:48 | INFO: Extracting primitive: turned_leg.016
06:14:48 | INFO: Primitives created: 1
06:14:48 | INFO: Extracting primitive: turned_leg.017
06:14:48 | INFO: Primitives created: 1
06:14:48 | INFO: Extracting primitive: turned_leg.018
06:14:48 | INFO: Primitives created: 1
06:14:48 | INFO: Extracting primitive: turned_leg.019
06:14:48 | INFO: Primitives created: 1
06:14:48 | INFO: Finished glTF 2.0 export in 0.07312774658203125 s

TEXTURED_ASSET_PASS ranch_furniture chair_large 6308 2
Blender 5.2.1 LTS (hash 9e2066aef7ef built 2026-08-25 02:38:20)

Blender quit
