00:00.797  blend            | Read blend: "E:\OpenMakaiRanch\OpenMakaiRanchGame\assets\3d\ranch_furniture\ranch_furniture.blend"
E:\OpenMakaiRanch\Tools\Blender\materialize_ranch_asset.py:107: DeprecationWarning: 'Material.use_nodes' is expected to be removed in Blender 6.0
  material.use_nodes = True
Info: Saved as "desk.blend"
INFO Draco is available, use library at D:\SteamLibrary\steamapps\common\Blender\5.2\scripts\addons_core\io_scene_gltf2\bf_intern_draco_bridge.dll
INFO MeshOptimizer is available, use library at D:\SteamLibrary\steamapps\common\Blender\5.2\scripts\addons_core\io_scene_gltf2\bf_intern_meshopt_bridge.dll
06:14:33 | INFO: Starting glTF 2.0 export
06:14:33 | INFO: Extracting primitive: Cube.070
06:14:33 | INFO: Primitives created: 1
06:14:33 | INFO: Extracting primitive: Cube.065
06:14:33 | INFO: Primitives created: 1
06:14:33 | INFO: Extracting primitive: Cube.066
06:14:33 | INFO: Primitives created: 1
06:14:33 | INFO: Extracting primitive: Cube.067
06:14:33 | INFO: Primitives created: 1
06:14:33 | INFO: Extracting primitive: Cube.068
06:14:33 | INFO: Primitives created: 1
06:14:33 | INFO: Extracting primitive: Cube.069
06:14:33 | INFO: Primitives created: 1
06:14:33 | INFO: Extracting primitive: Cube.071
06:14:33 | INFO: Primitives created: 1
06:14:33 | INFO: Extracting primitive: Cube.072
06:14:33 | INFO: Primitives created: 1
06:14:33 | INFO: Extracting primitive: Cube.073
06:14:33 | INFO: Primitives created: 1
06:14:33 | INFO: Extracting primitive: turned_leg.012
06:14:33 | INFO: Primitives created: 1
06:14:33 | INFO: Extracting primitive: turned_leg.013
06:14:33 | INFO: Primitives created: 1
06:14:33 | INFO: Extracting primitive: turned_leg.014
06:14:33 | INFO: Primitives created: 1
06:14:33 | INFO: Extracting primitive: turned_leg.015
06:14:33 | INFO: Primitives created: 1
06:14:33 | INFO: Finished glTF 2.0 export in 0.06389808654785156 s

TEXTURED_ASSET_PASS ranch_furniture desk 2620 2
Blender 5.2.1 LTS (hash 9e2066aef7ef built 2026-08-25 02:38:20)

Blender quit
