00:00.765  blend            | Read blend: "E:\OpenMakaiRanch\OpenMakaiRanchGame\assets\3d\ranch_furniture\ranch_furniture.blend"
E:\OpenMakaiRanch\Tools\Blender\materialize_ranch_asset.py:107: DeprecationWarning: 'Material.use_nodes' is expected to be removed in Blender 6.0
  material.use_nodes = True
Info: Saved as "fence_straight_2m.blend"
INFO Draco is available, use library at D:\SteamLibrary\steamapps\common\Blender\5.2\scripts\addons_core\io_scene_gltf2\bf_intern_draco_bridge.dll
INFO MeshOptimizer is available, use library at D:\SteamLibrary\steamapps\common\Blender\5.2\scripts\addons_core\io_scene_gltf2\bf_intern_meshopt_bridge.dll
06:14:40 | INFO: Starting glTF 2.0 export
06:14:40 | INFO: Extracting primitive: Cube.142
06:14:40 | INFO: Primitives created: 1
06:14:40 | INFO: Extracting primitive: Cube.144
06:14:40 | INFO: Primitives created: 1
06:14:40 | INFO: Extracting primitive: Cube.143
06:14:40 | INFO: Primitives created: 1
06:14:40 | INFO: Extracting primitive: Cube.145
06:14:40 | INFO: Primitives created: 1
06:14:40 | INFO: Extracting primitive: Cube.146
06:14:40 | INFO: Primitives created: 1
06:14:40 | INFO: Extracting primitive: Cube.147
06:14:40 | INFO: Primitives created: 1
06:14:40 | INFO: Finished glTF 2.0 export in 0.05344700813293457 s

TEXTURED_ASSET_PASS ranch_furniture fence_straight_2m 648 2
Blender 5.2.1 LTS (hash 9e2066aef7ef built 2026-08-25 02:38:20)

Blender quit
