00:00.829  blend            | Read blend: "E:\OpenMakaiRanch\OpenMakaiRanchGame\assets\3d\ranch_furniture\ranch_furniture.blend"
E:\OpenMakaiRanch\Tools\Blender\materialize_ranch_asset.py:107: DeprecationWarning: 'Material.use_nodes' is expected to be removed in Blender 6.0
  material.use_nodes = True
Info: Saved as "fence_gate_2m.blend"
INFO Draco is available, use library at D:\SteamLibrary\steamapps\common\Blender\5.2\scripts\addons_core\io_scene_gltf2\bf_intern_draco_bridge.dll
INFO MeshOptimizer is available, use library at D:\SteamLibrary\steamapps\common\Blender\5.2\scripts\addons_core\io_scene_gltf2\bf_intern_meshopt_bridge.dll
06:14:43 | INFO: Starting glTF 2.0 export
06:14:43 | INFO: Extracting primitive: Cube.170
06:14:43 | INFO: Primitives created: 1
06:14:43 | INFO: Extracting primitive: Cube.166
06:14:43 | INFO: Primitives created: 1
06:14:43 | INFO: Extracting primitive: Cube.167
06:14:43 | INFO: Primitives created: 1
06:14:43 | INFO: Extracting primitive: Cube.168
06:14:43 | INFO: Primitives created: 1
06:14:43 | INFO: Extracting primitive: Cube.169
06:14:43 | INFO: Primitives created: 1
06:14:43 | INFO: Extracting primitive: Cube.164
06:14:43 | INFO: Primitives created: 1
06:14:43 | INFO: Extracting primitive: Cube.165
06:14:43 | INFO: Primitives created: 1
06:14:43 | INFO: Extracting primitive: Cube.162
06:14:43 | INFO: Primitives created: 1
06:14:43 | INFO: Extracting primitive: Cube.163
06:14:43 | INFO: Primitives created: 1
06:14:43 | INFO: Extracting primitive: Cube.171
06:14:43 | INFO: Primitives created: 1
06:14:43 | INFO: Extracting primitive: Cube.172
06:14:43 | INFO: Primitives created: 1
06:14:43 | INFO: Extracting primitive: Cube.173
06:14:43 | INFO: Primitives created: 1
06:14:43 | INFO: Extracting primitive: Cube.158
06:14:43 | INFO: Primitives created: 1
06:14:43 | INFO: Extracting primitive: Cube.160
06:14:43 | INFO: Primitives created: 1
06:14:43 | INFO: Extracting primitive: Cube.159
06:14:43 | INFO: Primitives created: 1
06:14:43 | INFO: Extracting primitive: Cube.161
06:14:43 | INFO: Primitives created: 1
06:14:43 | INFO: Finished glTF 2.0 export in 0.06588912010192871 s

TEXTURED_ASSET_PASS ranch_furniture fence_gate_2m 1728 2
Blender 5.2.1 LTS (hash 9e2066aef7ef built 2026-08-25 02:38:20)

Blender quit
