00:00.797  blend            | Read blend: "E:\OpenMakaiRanch\OpenMakaiRanchGame\assets\3d\ranch_furniture\ranch_furniture.blend"
E:\OpenMakaiRanch\Tools\Blender\materialize_ranch_asset.py:107: DeprecationWarning: 'Material.use_nodes' is expected to be removed in Blender 6.0
  material.use_nodes = True
Info: Saved as "fence_corner_2m.blend"
INFO Draco is available, use library at D:\SteamLibrary\steamapps\common\Blender\5.2\scripts\addons_core\io_scene_gltf2\bf_intern_draco_bridge.dll
INFO MeshOptimizer is available, use library at D:\SteamLibrary\steamapps\common\Blender\5.2\scripts\addons_core\io_scene_gltf2\bf_intern_meshopt_bridge.dll
06:14:42 | INFO: Starting glTF 2.0 export
06:14:42 | INFO: Extracting primitive: Cube.148
06:14:42 | INFO: Primitives created: 1
06:14:42 | INFO: Extracting primitive: Cube.150
06:14:42 | INFO: Primitives created: 1
06:14:42 | INFO: Extracting primitive: Cube.152
06:14:42 | INFO: Primitives created: 1
06:14:42 | INFO: Extracting primitive: Cube.149
06:14:42 | INFO: Primitives created: 1
06:14:42 | INFO: Extracting primitive: Cube.151
06:14:42 | INFO: Primitives created: 1
06:14:42 | INFO: Extracting primitive: Cube.153
06:14:42 | INFO: Primitives created: 1
06:14:42 | INFO: Extracting primitive: Cube.154
06:14:42 | INFO: Primitives created: 1
06:14:42 | INFO: Extracting primitive: Cube.155
06:14:42 | INFO: Primitives created: 1
06:14:42 | INFO: Extracting primitive: Cube.156
06:14:42 | INFO: Primitives created: 1
06:14:42 | INFO: Extracting primitive: Cube.157
06:14:42 | INFO: Primitives created: 1
06:14:42 | INFO: Finished glTF 2.0 export in 0.05823850631713867 s

TEXTURED_ASSET_PASS ranch_furniture fence_corner_2m 1080 2
Blender 5.2.1 LTS (hash 9e2066aef7ef built 2026-08-25 02:38:20)

Blender quit
