00:00.781  blend            | Read blend: "E:\OpenMakaiRanch\OpenMakaiRanchGame\assets\3d\ranch_furniture\ranch_furniture.blend"
E:\OpenMakaiRanch\Tools\Blender\materialize_ranch_asset.py:107: DeprecationWarning: 'Material.use_nodes' is expected to be removed in Blender 6.0
  material.use_nodes = True
Info: Saved as "kitchen_counter.blend"
INFO Draco is available, use library at D:\SteamLibrary\steamapps\common\Blender\5.2\scripts\addons_core\io_scene_gltf2\bf_intern_draco_bridge.dll
INFO MeshOptimizer is available, use library at D:\SteamLibrary\steamapps\common\Blender\5.2\scripts\addons_core\io_scene_gltf2\bf_intern_meshopt_bridge.dll
06:14:37 | INFO: Starting glTF 2.0 export
06:14:37 | INFO: Extracting primitive: Cube.115
06:14:37 | INFO: Primitives created: 1
06:14:37 | INFO: Extracting primitive: Cube.114
06:14:37 | INFO: Primitives created: 1
06:14:37 | INFO: Extracting primitive: Cube.124
06:14:37 | INFO: Primitives created: 1
06:14:37 | INFO: Extracting primitive: Cube.127
06:14:37 | INFO: Primitives created: 1
06:14:37 | INFO: Extracting primitive: Cube.128
06:14:37 | INFO: Primitives created: 1
06:14:37 | INFO: Extracting primitive: Cube.125
06:14:37 | INFO: Primitives created: 1
06:14:37 | INFO: Extracting primitive: Cube.126
06:14:37 | INFO: Primitives created: 1
06:14:37 | INFO: Extracting primitive: Cube.112
06:14:37 | INFO: Primitives created: 1
06:14:37 | INFO: Extracting primitive: Cube.113
06:14:37 | INFO: Primitives created: 1
06:14:37 | INFO: Extracting primitive: Cube.116
06:14:37 | INFO: Primitives created: 1
06:14:37 | INFO: Extracting primitive: Cube.118
06:14:37 | INFO: Primitives created: 1
06:14:37 | INFO: Extracting primitive: Cube.108
06:14:37 | INFO: Primitives created: 1
06:14:37 | INFO: Extracting primitive: Cube.109
06:14:37 | INFO: Primitives created: 1
06:14:37 | INFO: Extracting primitive: Cube.110
06:14:37 | INFO: Primitives created: 1
06:14:37 | INFO: Extracting primitive: Cube.111
06:14:37 | INFO: Primitives created: 1
06:14:37 | INFO: Extracting primitive: Cube.117
06:14:37 | INFO: Primitives created: 1
06:14:37 | INFO: Extracting primitive: Cube.119
06:14:37 | INFO: Primitives created: 1
06:14:37 | INFO: Extracting primitive: Cube.122
06:14:37 | INFO: Primitives created: 1
06:14:37 | INFO: Extracting primitive: Cube.123
06:14:37 | INFO: Primitives created: 1
06:14:37 | INFO: Extracting primitive: Cube.121
06:14:37 | INFO: Primitives created: 1
06:14:37 | INFO: Extracting primitive: Cube.129
06:14:37 | INFO: Primitives created: 1
06:14:37 | INFO: Extracting primitive: Cube.130
06:14:37 | INFO: Primitives created: 1
06:14:37 | INFO: Extracting primitive: Cube.120
06:14:37 | INFO: Primitives created: 1
06:14:37 | INFO: Finished glTF 2.0 export in 0.060324668884277344 s

TEXTURED_ASSET_PASS ranch_furniture kitchen_counter 2484 1
Blender 5.2.1 LTS (hash 9e2066aef7ef built 2026-08-25 02:38:20)

Blender quit
