00:00.766  blend            | Read blend: "E:\OpenMakaiRanch\OpenMakaiRanchGame\assets\3d\ranch_house\ranch_house_editable.blend"
E:\OpenMakaiRanch\Tools\Blender\materialize_ranch_asset.py:107: DeprecationWarning: 'Material.use_nodes' is expected to be removed in Blender 6.0
  material.use_nodes = True
Info: Saved as "main_house.blend"
INFO Draco is available, use library at D:\SteamLibrary\steamapps\common\Blender\5.2\scripts\addons_core\io_scene_gltf2\bf_intern_draco_bridge.dll
INFO MeshOptimizer is available, use library at D:\SteamLibrary\steamapps\common\Blender\5.2\scripts\addons_core\io_scene_gltf2\bf_intern_meshopt_bridge.dll
06:14:23 | INFO: Starting glTF 2.0 export
06:14:23 | INFO: Extracting primitive: Cube.144
06:14:23 | INFO: Primitives created: 1
06:14:23 | INFO: Extracting primitive: Cube.149
06:14:23 | INFO: Primitives created: 1
06:14:23 | INFO: Extracting primitive: Cube.154
06:14:23 | INFO: Primitives created: 1
06:14:23 | INFO: Extracting primitive: Cube.145
06:14:23 | INFO: Primitives created: 1
06:14:23 | INFO: Extracting primitive: Cube.150
06:14:23 | INFO: Primitives created: 1
06:14:23 | INFO: Extracting primitive: Cube.155
06:14:23 | INFO: Primitives created: 1
06:14:23 | INFO: Extracting primitive: Cube.146
06:14:23 | INFO: Primitives created: 1
06:14:23 | INFO: Extracting primitive: Cube.151
06:14:23 | INFO: Primitives created: 1
06:14:23 | INFO: Extracting primitive: Cube.156
06:14:23 | INFO: Primitives created: 1
06:14:23 | INFO: Extracting primitive: Cube.143
06:14:23 | INFO: Primitives created: 1
06:14:23 | INFO: Extracting primitive: Cube.148
06:14:23 | INFO: Primitives created: 1
06:14:23 | INFO: Extracting primitive: Cube.153
06:14:23 | INFO: Primitives created: 1
06:14:23 | INFO: Extracting primitive: Cube.142
06:14:23 | INFO: Primitives created: 1
06:14:23 | INFO: Extracting primitive: Cube.147
06:14:23 | INFO: Primitives created: 1
06:14:23 | INFO: Extracting primitive: Cube.152
06:14:23 | INFO: Primitives created: 1
06:14:23 | INFO: Extracting primitive: Cube.157
06:14:23 | INFO: Primitives created: 1
06:14:23 | INFO: Extracting primitive: Cube.140
06:14:23 | INFO: Primitives created: 1
06:14:23 | INFO: Extracting primitive: Cube.141
06:14:23 | INFO: Primitives created: 1
06:14:23 | INFO: Extracting primitive: Cube.095
06:14:23 | INFO: Primitives created: 1
06:14:23 | INFO: Extracting primitive: Cube.096
06:14:23 | INFO: Primitives created: 1
06:14:23 | INFO: Extracting primitive: Cube.097
06:14:23 | INFO: Primitives created: 1
06:14:23 | INFO: Extracting primitive: Cube.098
06:14:23 | INFO: Primitives created: 1
06:14:23 | INFO: Extracting primitive: Cube
06:14:23 | INFO: Primitives created: 1
06:14:23 | INFO: Extracting primitive: Cube.101
06:14:23 | INFO: Primitives created: 1
06:14:23 | INFO: Extracting primitive: Cube.102
06:14:23 | INFO: Primitives created: 1
06:14:23 | INFO: Extracting primitive: Cube.103
06:14:23 | INFO: Primitives created: 1
06:14:23 | INFO: Extracting primitive: Cube.104
06:14:23 | INFO: Primitives created: 1
06:14:23 | INFO: Extracting primitive: Cube.105
06:14:23 | INFO: Primitives created: 1
06:14:23 | INFO: Extracting primitive: Cube.106
06:14:23 | INFO: Primitives created: 1
06:14:23 | INFO: Extracting primitive: Cube.107
06:14:23 | INFO: Primitives created: 1
06:14:23 | INFO: Extracting primitive: Cube.108
06:14:23 | INFO: Primitives created: 1
06:14:23 | INFO: Extracting primitive: Cube.109
06:14:23 | INFO: Primitives created: 1
06:14:23 | INFO: Extracting primitive: Cube.110
06:14:23 | INFO: Primitives created: 1
06:14:23 | INFO: Extracting primitive: Cube.111
06:14:23 | INFO: Primitives created: 1
06:14:23 | INFO: Extracting primitive: Cube.112
06:14:23 | INFO: Primitives created: 1
06:14:23 | INFO: Extracting primitive: Cube.113
06:14:23 | INFO: Primitives created: 1
06:14:23 | INFO: Extracting primitive: Cube.114
06:14:23 | INFO: Primitives created: 1
06:14:23 | INFO: Extracting primitive: Cube.115
06:14:23 | INFO: Primitives created: 1
06:14:23 | INFO: Extracting primitive: Cube.116
06:14:23 | INFO: Primitives created: 1
06:14:23 | INFO: Extracting primitive: Cube.117
06:14:23 | INFO: Primitives created: 1
06:14:23 | INFO: Extracting primitive: Cube.118
06:14:23 | INFO: Primitives created: 1
06:14:23 | INFO: Extracting primitive: Cube.119
06:14:23 | INFO: Primitives created: 1
06:14:23 | INFO: Extracting primitive: Cube.120
06:14:23 | INFO: Primitives created: 1
06:14:23 | INFO: Extracting primitive: Cube.121
06:14:23 | INFO: Primitives created: 1
06:14:23 | INFO: Extracting primitive: Cube.122
06:14:23 | INFO: Primitives created: 1
06:14:23 | INFO: Extracting primitive: Cube.123
06:14:23 | INFO: Primitives created: 1
06:14:23 | INFO: Extracting primitive: Cube.124
06:14:23 | INFO: Primitives created: 1
06:14:23 | INFO: Extracting primitive: Cube.125
06:14:23 | INFO: Primitives created: 1
06:14:23 | INFO: Extracting primitive: Cube.126
06:14:23 | INFO: Primitives created: 1
06:14:23 | INFO: Extracting primitive: Cube.127
06:14:23 | INFO: Primitives created: 1
06:14:23 | INFO: Extracting primitive: Cube.128
06:14:23 | INFO: Primitives created: 1
06:14:23 | INFO: Extracting primitive: Cube.129
06:14:23 | INFO: Primitives created: 1
06:14:23 | INFO: Extracting primitive: Cube.130
06:14:23 | INFO: Primitives created: 1
06:14:23 | INFO: Extracting primitive: Cube.131
06:14:23 | INFO: Primitives created: 1
06:14:23 | INFO: Extracting primitive: Cube.132
06:14:23 | INFO: Primitives created: 1
06:14:23 | INFO: Extracting primitive: Cube.133
06:14:23 | INFO: Primitives created: 1
06:14:23 | INFO: Extracting primitive: Cube.134
06:14:23 | INFO: Primitives created: 1
06:14:23 | INFO: Extracting primitive: Cube.135
06:14:23 | INFO: Primitives created: 1
06:14:23 | INFO: Extracting primitive: Cube.136
06:14:23 | INFO: Primitives created: 1
06:14:23 | INFO: Extracting primitive: Cube.137
06:14:23 | INFO: Primitives created: 1
06:14:23 | INFO: Extracting primitive: Cube.138
06:14:23 | INFO: Primitives created: 1
06:14:23 | INFO: Extracting primitive: Cube.139
06:14:23 | INFO: Primitives created: 1
06:14:23 | INFO: Extracting primitive: Cube.099
06:14:23 | INFO: Primitives created: 1
06:14:23 | INFO: Extracting primitive: Cube.100
06:14:23 | INFO: Primitives created: 1
06:14:23 | INFO: Extracting primitive: Cube.024
06:14:23 | INFO: Primitives created: 1
06:14:23 | INFO: Extracting primitive: Cube.037
06:14:23 | INFO: Primitives created: 1
06:14:23 | INFO: Extracting primitive: Cube.033
06:14:23 | INFO: Primitives created: 1
06:14:23 | INFO: Extracting primitive: Cube.034
06:14:23 | INFO: Primitives created: 1
06:14:23 | INFO: Extracting primitive: Cube.035
06:14:23 | INFO: Primitives created: 1
06:14:23 | INFO: Extracting primitive: Cube.025
06:14:23 | INFO: Primitives created: 1
06:14:23 | INFO: Extracting primitive: Cube.032
06:14:23 | INFO: Primitives created: 1
06:14:23 | INFO: Extracting primitive: Cube.038
06:14:23 | INFO: Primitives created: 1
06:14:23 | INFO: Extracting primitive: Cube.023
06:14:23 | INFO: Primitives created: 1
06:14:23 | INFO: Extracting primitive: Cube.031
06:14:23 | INFO: Primitives created: 1
06:14:23 | INFO: Extracting primitive: Cube.036
06:14:23 | INFO: Primitives created: 1
06:14:23 | INFO: Extracting primitive: Cube.044
06:14:23 | INFO: Primitives created: 1
06:14:23 | INFO: Extracting primitive: Cube.026
06:14:23 | INFO: Primitives created: 1
06:14:23 | INFO: Extracting primitive: Cube.039
06:14:23 | INFO: Primitives created: 1
06:14:23 | INFO: Extracting primitive: Cube.027
06:14:23 | INFO: Primitives created: 1
06:14:23 | INFO: Extracting primitive: Cube.040
06:14:23 | INFO: Primitives created: 1
06:14:23 | INFO: Extracting primitive: Cube.029
06:14:23 | INFO: Primitives created: 1
06:14:23 | INFO: Extracting primitive: Cube.042
06:14:23 | INFO: Primitives created: 1
06:14:23 | INFO: Extracting primitive: Cube.030
06:14:23 | INFO: Primitives created: 1
06:14:23 | INFO: Extracting primitive: Cube.043
06:14:23 | INFO: Primitives created: 1
06:14:23 | INFO: Extracting primitive: Cube.028
06:14:23 | INFO: Primitives created: 1
06:14:23 | INFO: Extracting primitive: Cube.041
06:14:23 | INFO: Primitives created: 1
06:14:23 | INFO: Extracting primitive: Cube.046
06:14:23 | INFO: Primitives created: 1
06:14:23 | INFO: Extracting primitive: Cube.054
06:14:23 | INFO: Primitives created: 1
06:14:23 | INFO: Extracting primitive: Cube.062
06:14:23 | INFO: Primitives created: 1
06:14:23 | INFO: Extracting primitive: Cube.071
06:14:23 | INFO: Primitives created: 1
06:14:23 | INFO: Extracting primitive: Cube.079
06:14:23 | INFO: Primitives created: 1
06:14:23 | INFO: Extracting primitive: Cube.087
06:14:23 | INFO: Primitives created: 1
06:14:23 | INFO: Extracting primitive: Cube.047
06:14:23 | INFO: Primitives created: 1
06:14:23 | INFO: Extracting primitive: Cube.055
06:14:23 | INFO: Primitives created: 1
06:14:23 | INFO: Extracting primitive: Cube.063
06:14:23 | INFO: Primitives created: 1
06:14:23 | INFO: Extracting primitive: Cube.072
06:14:23 | INFO: Primitives created: 1
06:14:23 | INFO: Extracting primitive: Cube.080
06:14:23 | INFO: Primitives created: 1
06:14:23 | INFO: Extracting primitive: Cube.088
06:14:23 | INFO: Primitives created: 1
06:14:23 | INFO: Extracting primitive: Cube.045
06:14:23 | INFO: Primitives created: 1
06:14:23 | INFO: Extracting primitive: Cube.053
06:14:23 | INFO: Primitives created: 1
06:14:23 | INFO: Extracting primitive: Cube.061
06:14:23 | INFO: Primitives created: 1
06:14:23 | INFO: Extracting primitive: Cube.069
06:14:23 | INFO: Primitives created: 1
06:14:23 | INFO: Extracting primitive: Cube.070
06:14:23 | INFO: Primitives created: 1
06:14:23 | INFO: Extracting primitive: Cube.078
06:14:23 | INFO: Primitives created: 1
06:14:23 | INFO: Extracting primitive: Cube.086
06:14:23 | INFO: Primitives created: 1
06:14:23 | INFO: Extracting primitive: Cube.094
06:14:23 | INFO: Primitives created: 1
06:14:23 | INFO: Extracting primitive: Cube.048
06:14:23 | INFO: Primitives created: 1
06:14:23 | INFO: Extracting primitive: Cube.056
06:14:23 | INFO: Primitives created: 1
06:14:23 | INFO: Extracting primitive: Cube.064
06:14:23 | INFO: Primitives created: 1
06:14:23 | INFO: Extracting primitive: Cube.073
06:14:23 | INFO: Primitives created: 1
06:14:23 | INFO: Extracting primitive: Cube.081
06:14:23 | INFO: Primitives created: 1
06:14:23 | INFO: Extracting primitive: Cube.089
06:14:23 | INFO: Primitives created: 1
06:14:23 | INFO: Extracting primitive: Cube.049
06:14:23 | INFO: Primitives created: 1
06:14:23 | INFO: Extracting primitive: Cube.057
06:14:23 | INFO: Primitives created: 1
06:14:23 | INFO: Extracting primitive: Cube.065
06:14:23 | INFO: Primitives created: 1
06:14:23 | INFO: Extracting primitive: Cube.074
06:14:23 | INFO: Primitives created: 1
06:14:23 | INFO: Extracting primitive: Cube.082
06:14:23 | INFO: Primitives created: 1
06:14:23 | INFO: Extracting primitive: Cube.090
06:14:23 | INFO: Primitives created: 1
06:14:23 | INFO: Extracting primitive: Cube.051
06:14:23 | INFO: Primitives created: 1
06:14:23 | INFO: Extracting primitive: Cube.059
06:14:23 | INFO: Primitives created: 1
06:14:23 | INFO: Extracting primitive: Cube.067
06:14:23 | INFO: Primitives created: 1
06:14:23 | INFO: Extracting primitive: Cube.076
06:14:23 | INFO: Primitives created: 1
06:14:23 | INFO: Extracting primitive: Cube.084
06:14:23 | INFO: Primitives created: 1
06:14:23 | INFO: Extracting primitive: Cube.092
06:14:23 | INFO: Primitives created: 1
06:14:23 | INFO: Extracting primitive: Cube.052
06:14:23 | INFO: Primitives created: 1
06:14:23 | INFO: Extracting primitive: Cube.060
06:14:23 | INFO: Primitives created: 1
06:14:23 | INFO: Extracting primitive: Cube.068
06:14:23 | INFO: Primitives created: 1
06:14:23 | INFO: Extracting primitive: Cube.077
06:14:23 | INFO: Primitives created: 1
06:14:23 | INFO: Extracting primitive: Cube.085
06:14:23 | INFO: Primitives created: 1
06:14:23 | INFO: Extracting primitive: Cube.093
06:14:23 | INFO: Primitives created: 1
06:14:23 | INFO: Extracting primitive: Cube.050
06:14:23 | INFO: Primitives created: 1
06:14:23 | INFO: Extracting primitive: Cube.058
06:14:23 | INFO: Primitives created: 1
06:14:23 | INFO: Extracting primitive: Cube.066
06:14:23 | INFO: Primitives created: 1
06:14:23 | INFO: Extracting primitive: Cube.075
06:14:23 | INFO: Primitives created: 1
06:14:23 | INFO: Extracting primitive: Cube.083
06:14:23 | INFO: Primitives created: 1
06:14:23 | INFO: Extracting primitive: Cube.091
06:14:23 | INFO: Primitives created: 1
06:14:23 | INFO: Extracting primitive: Cube.002
06:14:23 | INFO: Primitives created: 1
06:14:23 | INFO: Extracting primitive: Cube.015
06:14:23 | INFO: Primitives created: 1
06:14:23 | INFO: Extracting primitive: Cube.011
06:14:23 | INFO: Primitives created: 1
06:14:23 | INFO: Extracting primitive: Cube.012
06:14:23 | INFO: Primitives created: 1
06:14:23 | INFO: Extracting primitive: Cube.013
06:14:23 | INFO: Primitives created: 1
06:14:23 | INFO: Extracting primitive: Cube.003
06:14:23 | INFO: Primitives created: 1
06:14:23 | INFO: Extracting primitive: Cube.010
06:14:23 | INFO: Primitives created: 1
06:14:23 | INFO: Extracting primitive: Cube.016
06:14:23 | INFO: Primitives created: 1
06:14:23 | INFO: Extracting primitive: Cube.001
06:14:23 | INFO: Primitives created: 1
06:14:23 | INFO: Extracting primitive: Cube.009
06:14:23 | INFO: Primitives created: 1
06:14:23 | INFO: Extracting primitive: Cube.014
06:14:23 | INFO: Primitives created: 1
06:14:23 | INFO: Extracting primitive: Cube.022
06:14:23 | INFO: Primitives created: 1
06:14:23 | INFO: Extracting primitive: Cube.004
06:14:23 | INFO: Primitives created: 1
06:14:23 | INFO: Extracting primitive: Cube.017
06:14:23 | INFO: Primitives created: 1
06:14:23 | INFO: Extracting primitive: Cube.005
06:14:23 | INFO: Primitives created: 1
06:14:23 | INFO: Extracting primitive: Cube.018
06:14:23 | INFO: Primitives created: 1
06:14:23 | INFO: Extracting primitive: Cube.007
06:14:23 | INFO: Primitives created: 1
06:14:23 | INFO: Extracting primitive: Cube.020
06:14:23 | INFO: Primitives created: 1
06:14:23 | INFO: Extracting primitive: Cube.008
06:14:23 | INFO: Primitives created: 1
06:14:23 | INFO: Extracting primitive: Cube.021
06:14:23 | INFO: Primitives created: 1
06:14:23 | INFO: Extracting primitive: Cube.006
06:14:23 | INFO: Primitives created: 1
06:14:23 | INFO: Extracting primitive: Cube.019
06:14:23 | INFO: Primitives created: 1
06:14:23 | INFO: Extracting primitive: Cube.160
06:14:23 | INFO: Primitives created: 1
06:14:23 | INFO: Extracting primitive: Cube.165
06:14:23 | INFO: Primitives created: 1
06:14:23 | INFO: Extracting primitive: Cube.170
06:14:23 | INFO: Primitives created: 1
06:14:23 | INFO: Extracting primitive: Cube.175
06:14:23 | INFO: Primitives created: 1
06:14:23 | INFO: Extracting primitive: Cube.180
06:14:23 | INFO: Primitives created: 1
06:14:23 | INFO: Extracting primitive: Cube.161
06:14:23 | INFO: Primitives created: 1
06:14:23 | INFO: Extracting primitive: Cube.166
06:14:23 | INFO: Primitives created: 1
06:14:23 | INFO: Extracting primitive: Cube.171
06:14:23 | INFO: Primitives created: 1
06:14:23 | INFO: Extracting primitive: Cube.176
06:14:23 | INFO: Primitives created: 1
06:14:23 | INFO: Extracting primitive: Cube.181
06:14:23 | INFO: Primitives created: 1
06:14:23 | INFO: Extracting primitive: Cube.162
06:14:23 | INFO: Primitives created: 1
06:14:23 | INFO: Extracting primitive: Cube.167
06:14:23 | INFO: Primitives created: 1
06:14:23 | INFO: Extracting primitive: Cube.172
06:14:23 | INFO: Primitives created: 1
06:14:23 | INFO: Extracting primitive: Cube.177
06:14:23 | INFO: Primitives created: 1
06:14:23 | INFO: Extracting primitive: Cube.182
06:14:23 | INFO: Primitives created: 1
06:14:23 | INFO: Extracting primitive: Cube.159
06:14:23 | INFO: Primitives created: 1
06:14:23 | INFO: Extracting primitive: Cube.164
06:14:23 | INFO: Primitives created: 1
06:14:23 | INFO: Extracting primitive: Cube.169
06:14:23 | INFO: Primitives created: 1
06:14:23 | INFO: Extracting primitive: Cube.174
06:14:23 | INFO: Primitives created: 1
06:14:23 | INFO: Extracting primitive: Cube.179
06:14:23 | INFO: Primitives created: 1
06:14:23 | INFO: Extracting primitive: Cube.158
06:14:23 | INFO: Primitives created: 1
06:14:23 | INFO: Extracting primitive: Cube.163
06:14:23 | INFO: Primitives created: 1
06:14:23 | INFO: Extracting primitive: Cube.168
06:14:23 | INFO: Primitives created: 1
06:14:23 | INFO: Extracting primitive: Cube.173
06:14:23 | INFO: Primitives created: 1
06:14:23 | INFO: Extracting primitive: Cube.178
06:14:23 | INFO: Primitives created: 1
06:14:23 | INFO: Extracting primitive: Cube.183
06:14:23 | INFO: Primitives created: 1
06:14:23 | INFO: Extracting primitive: Cube.184
06:14:23 | INFO: Primitives created: 1
06:14:23 | INFO: Extracting primitive: Cube.185
06:14:23 | INFO: Primitives created: 1
06:14:23 | INFO: Extracting primitive: Cube.186
06:14:23 | INFO: Primitives created: 1
06:14:23 | INFO: Extracting primitive: Cube.187
06:14:23 | INFO: Primitives created: 1
06:14:23 | INFO: Extracting primitive: Cube.188
06:14:23 | INFO: Primitives created: 1
06:14:23 | INFO: Extracting primitive: Gable.001
06:14:23 | INFO: Primitives created: 1
06:14:23 | INFO: Extracting primitive: Gable
06:14:23 | INFO: Primitives created: 1
06:14:23 | INFO: Extracting primitive: Gable.003
06:14:23 | INFO: Primitives created: 1
06:14:23 | INFO: Extracting primitive: Gable.002
06:14:23 | INFO: Primitives created: 1
06:14:23 | INFO: Extracting primitive: Cube.217
06:14:23 | INFO: Primitives created: 1
06:14:23 | INFO: Extracting primitive: Cube.246
06:14:23 | INFO: Primitives created: 1
06:14:23 | INFO: Extracting primitive: Cube.275
06:14:23 | INFO: Primitives created: 1
06:14:23 | INFO: Extracting primitive: Cube.304
06:14:23 | INFO: Primitives created: 1
06:14:23 | INFO: Extracting primitive: Cube.190
06:14:23 | INFO: Primitives created: 1
06:14:23 | INFO: Extracting primitive: Cube.191
06:14:23 | INFO: Primitives created: 1
06:14:23 | INFO: Extracting primitive: Cube.192
06:14:23 | INFO: Primitives created: 1
06:14:23 | INFO: Extracting primitive: Cube.193
06:14:23 | INFO: Primitives created: 1
06:14:23 | INFO: Extracting primitive: Cube.194
06:14:23 | INFO: Primitives created: 1
06:14:23 | INFO: Extracting primitive: Cube.195
06:14:23 | INFO: Primitives created: 1
06:14:23 | INFO: Extracting primitive: Cube.196
06:14:23 | INFO: Primitives created: 1
06:14:23 | INFO: Extracting primitive: Cube.197
06:14:23 | INFO: Primitives created: 1
06:14:23 | INFO: Extracting primitive: Cube.198
06:14:23 | INFO: Primitives created: 1
06:14:23 | INFO: Extracting primitive: Cube.199
06:14:23 | INFO: Primitives created: 1
06:14:23 | INFO: Extracting primitive: Cube.200
06:14:23 | INFO: Primitives created: 1
06:14:23 | INFO: Extracting primitive: Cube.201
06:14:23 | INFO: Primitives created: 1
06:14:23 | INFO: Extracting primitive: Cube.202
06:14:23 | INFO: Primitives created: 1
06:14:23 | INFO: Extracting primitive: Cube.204
06:14:23 | INFO: Primitives created: 1
06:14:23 | INFO: Extracting primitive: Cube.205
06:14:23 | INFO: Primitives created: 1
06:14:23 | INFO: Extracting primitive: Cube.206
06:14:23 | INFO: Primitives created: 1
06:14:23 | INFO: Extracting primitive: Cube.207
06:14:23 | INFO: Primitives created: 1
06:14:23 | INFO: Extracting primitive: Cube.208
06:14:23 | INFO: Primitives created: 1
06:14:23 | INFO: Extracting primitive: Cube.209
06:14:23 | INFO: Primitives created: 1
06:14:23 | INFO: Extracting primitive: Cube.210
06:14:23 | INFO: Primitives created: 1
06:14:23 | INFO: Extracting primitive: Cube.211
06:14:23 | INFO: Primitives created: 1
06:14:23 | INFO: Extracting primitive: Cube.212
06:14:23 | INFO: Primitives created: 1
06:14:23 | INFO: Extracting primitive: Cube.213
06:14:23 | INFO: Primitives created: 1
06:14:23 | INFO: Extracting primitive: Cube.214
06:14:23 | INFO: Primitives created: 1
06:14:23 | INFO: Extracting primitive: Cube.215
06:14:23 | INFO: Primitives created: 1
06:14:23 | INFO: Extracting primitive: Cube.216
06:14:23 | INFO: Primitives created: 1
06:14:23 | INFO: Extracting primitive: Cube.219
06:14:23 | INFO: Primitives created: 1
06:14:23 | INFO: Extracting primitive: Cube.220
06:14:23 | INFO: Primitives created: 1
06:14:23 | INFO: Extracting primitive: Cube.221
06:14:23 | INFO: Primitives created: 1
06:14:23 | INFO: Extracting primitive: Cube.222
06:14:23 | INFO: Primitives created: 1
06:14:23 | INFO: Extracting primitive: Cube.223
06:14:23 | INFO: Primitives created: 1
06:14:23 | INFO: Extracting primitive: Cube.224
06:14:23 | INFO: Primitives created: 1
06:14:23 | INFO: Extracting primitive: Cube.225
06:14:23 | INFO: Primitives created: 1
06:14:23 | INFO: Extracting primitive: Cube.226
06:14:23 | INFO: Primitives created: 1
06:14:23 | INFO: Extracting primitive: Cube.227
06:14:23 | INFO: Primitives created: 1
06:14:23 | INFO: Extracting primitive: Cube.228
06:14:23 | INFO: Primitives created: 1
06:14:23 | INFO: Extracting primitive: Cube.229
06:14:23 | INFO: Primitives created: 1
06:14:23 | INFO: Extracting primitive: Cube.230
06:14:23 | INFO: Primitives created: 1
06:14:23 | INFO: Extracting primitive: Cube.231
06:14:23 | INFO: Primitives created: 1
06:14:23 | INFO: Extracting primitive: Cube.233
06:14:23 | INFO: Primitives created: 1
06:14:23 | INFO: Extracting primitive: Cube.234
06:14:23 | INFO: Primitives created: 1
06:14:23 | INFO: Extracting primitive: Cube.235
06:14:23 | INFO: Primitives created: 1
06:14:23 | INFO: Extracting primitive: Cube.236
06:14:23 | INFO: Primitives created: 1
06:14:23 | INFO: Extracting primitive: Cube.237
06:14:23 | INFO: Primitives created: 1
06:14:23 | INFO: Extracting primitive: Cube.238
06:14:23 | INFO: Primitives created: 1
06:14:23 | INFO: Extracting primitive: Cube.239
06:14:23 | INFO: Primitives created: 1
06:14:23 | INFO: Extracting primitive: Cube.240
06:14:23 | INFO: Primitives created: 1
06:14:23 | INFO: Extracting primitive: Cube.241
06:14:23 | INFO: Primitives created: 1
06:14:23 | INFO: Extracting primitive: Cube.242
06:14:23 | INFO: Primitives created: 1
06:14:23 | INFO: Extracting primitive: Cube.243
06:14:23 | INFO: Primitives created: 1
06:14:23 | INFO: Extracting primitive: Cube.244
06:14:23 | INFO: Primitives created: 1
06:14:23 | INFO: Extracting primitive: Cube.245
06:14:23 | INFO: Primitives created: 1
06:14:23 | INFO: Extracting primitive: Cube.248
06:14:23 | INFO: Primitives created: 1
06:14:23 | INFO: Extracting primitive: Cube.249
06:14:23 | INFO: Primitives created: 1
06:14:23 | INFO: Extracting primitive: Cube.250
06:14:23 | INFO: Primitives created: 1
06:14:23 | INFO: Extracting primitive: Cube.251
06:14:23 | INFO: Primitives created: 1
06:14:23 | INFO: Extracting primitive: Cube.252
06:14:23 | INFO: Primitives created: 1
06:14:23 | INFO: Extracting primitive: Cube.253
06:14:23 | INFO: Primitives created: 1
06:14:23 | INFO: Extracting primitive: Cube.254
06:14:23 | INFO: Primitives created: 1
06:14:23 | INFO: Extracting primitive: Cube.255
06:14:23 | INFO: Primitives created: 1
06:14:23 | INFO: Extracting primitive: Cube.256
06:14:23 | INFO: Primitives created: 1
06:14:23 | INFO: Extracting primitive: Cube.257
06:14:23 | INFO: Primitives created: 1
06:14:23 | INFO: Extracting primitive: Cube.258
06:14:23 | INFO: Primitives created: 1
06:14:23 | INFO: Extracting primitive: Cube.259
06:14:23 | INFO: Primitives created: 1
06:14:23 | INFO: Extracting primitive: Cube.260
06:14:23 | INFO: Primitives created: 1
06:14:23 | INFO: Extracting primitive: Cube.262
06:14:23 | INFO: Primitives created: 1
06:14:23 | INFO: Extracting primitive: Cube.263
06:14:23 | INFO: Primitives created: 1
06:14:23 | INFO: Extracting primitive: Cube.264
06:14:23 | INFO: Primitives created: 1
06:14:23 | INFO: Extracting primitive: Cube.265
06:14:23 | INFO: Primitives created: 1
06:14:23 | INFO: Extracting primitive: Cube.266
06:14:23 | INFO: Primitives created: 1
06:14:23 | INFO: Extracting primitive: Cube.267
06:14:23 | INFO: Primitives created: 1
06:14:23 | INFO: Extracting primitive: Cube.268
06:14:23 | INFO: Primitives created: 1
06:14:23 | INFO: Extracting primitive: Cube.269
06:14:23 | INFO: Primitives created: 1
06:14:23 | INFO: Extracting primitive: Cube.270
06:14:23 | INFO: Primitives created: 1
06:14:23 | INFO: Extracting primitive: Cube.271
06:14:23 | INFO: Primitives created: 1
06:14:23 | INFO: Extracting primitive: Cube.272
06:14:23 | INFO: Primitives created: 1
06:14:23 | INFO: Extracting primitive: Cube.273
06:14:23 | INFO: Primitives created: 1
06:14:23 | INFO: Extracting primitive: Cube.274
06:14:23 | INFO: Primitives created: 1
06:14:23 | INFO: Extracting primitive: Cube.277
06:14:23 | INFO: Primitives created: 1
06:14:23 | INFO: Extracting primitive: Cube.278
06:14:23 | INFO: Primitives created: 1
06:14:23 | INFO: Extracting primitive: Cube.279
06:14:23 | INFO: Primitives created: 1
06:14:23 | INFO: Extracting primitive: Cube.280
06:14:23 | INFO: Primitives created: 1
06:14:23 | INFO: Extracting primitive: Cube.281
06:14:23 | INFO: Primitives created: 1
06:14:23 | INFO: Extracting primitive: Cube.282
06:14:23 | INFO: Primitives created: 1
06:14:23 | INFO: Extracting primitive: Cube.283
06:14:23 | INFO: Primitives created: 1
06:14:23 | INFO: Extracting primitive: Cube.284
06:14:23 | INFO: Primitives created: 1
06:14:23 | INFO: Extracting primitive: Cube.285
06:14:23 | INFO: Primitives created: 1
06:14:23 | INFO: Extracting primitive: Cube.286
06:14:23 | INFO: Primitives created: 1
06:14:23 | INFO: Extracting primitive: Cube.287
06:14:23 | INFO: Primitives created: 1
06:14:23 | INFO: Extracting primitive: Cube.288
06:14:23 | INFO: Primitives created: 1
06:14:23 | INFO: Extracting primitive: Cube.289
06:14:23 | INFO: Primitives created: 1
06:14:23 | INFO: Extracting primitive: Cube.291
06:14:23 | INFO: Primitives created: 1
06:14:23 | INFO: Extracting primitive: Cube.292
06:14:23 | INFO: Primitives created: 1
06:14:23 | INFO: Extracting primitive: Cube.293
06:14:23 | INFO: Primitives created: 1
06:14:23 | INFO: Extracting primitive: Cube.294
06:14:23 | INFO: Primitives created: 1
06:14:23 | INFO: Extracting primitive: Cube.295
06:14:23 | INFO: Primitives created: 1
06:14:23 | INFO: Extracting primitive: Cube.296
06:14:23 | INFO: Primitives created: 1
06:14:23 | INFO: Extracting primitive: Cube.297
06:14:23 | INFO: Primitives created: 1
06:14:23 | INFO: Extracting primitive: Cube.298
06:14:23 | INFO: Primitives created: 1
06:14:23 | INFO: Extracting primitive: Cube.299
06:14:23 | INFO: Primitives created: 1
06:14:23 | INFO: Extracting primitive: Cube.300
06:14:23 | INFO: Primitives created: 1
06:14:23 | INFO: Extracting primitive: Cube.301
06:14:23 | INFO: Primitives created: 1
06:14:23 | INFO: Extracting primitive: Cube.302
06:14:23 | INFO: Primitives created: 1
06:14:23 | INFO: Extracting primitive: Cube.303
06:14:23 | INFO: Primitives created: 1
06:14:23 | INFO: Extracting primitive: Cube.203
06:14:23 | INFO: Primitives created: 1
06:14:23 | INFO: Extracting primitive: Cube.189
06:14:23 | INFO: Primitives created: 1
06:14:23 | INFO: Extracting primitive: Cube.232
06:14:23 | INFO: Primitives created: 1
06:14:23 | INFO: Extracting primitive: Cube.218
06:14:23 | INFO: Primitives created: 1
06:14:23 | INFO: Extracting primitive: Cube.261
06:14:23 | INFO: Primitives created: 1
06:14:23 | INFO: Extracting primitive: Cube.247
06:14:23 | INFO: Primitives created: 1
06:14:23 | INFO: Extracting primitive: Cube.290
06:14:23 | INFO: Primitives created: 1
06:14:23 | INFO: Extracting primitive: Cube.276
06:14:23 | INFO: Primitives created: 1
06:14:23 | INFO: Finished glTF 2.0 export in 0.46152734756469727 s

TEXTURED_ASSET_PASS ranch_house main_house 19052 3
Blender 5.2.1 LTS (hash 9e2066aef7ef built 2026-08-25 02:38:20)

Blender quit
