00:00.765  blend            | Read blend: "E:\OpenMakaiRanch\OpenMakaiRanchGame\assets\3d\ranch_furniture\ranch_furniture.blend"
E:\OpenMakaiRanch\Tools\Blender\materialize_ranch_asset.py:107: DeprecationWarning: 'Material.use_nodes' is expected to be removed in Blender 6.0
  material.use_nodes = True
Info: Saved as "pantry.blend"
INFO Draco is available, use library at D:\SteamLibrary\steamapps\common\Blender\5.2\scripts\addons_core\io_scene_gltf2\bf_intern_draco_bridge.dll
INFO MeshOptimizer is available, use library at D:\SteamLibrary\steamapps\common\Blender\5.2\scripts\addons_core\io_scene_gltf2\bf_intern_meshopt_bridge.dll
06:14:36 | INFO: Starting glTF 2.0 export
06:14:36 | INFO: Extracting primitive: Cube.107
06:14:36 | INFO: Primitives created: 1
06:14:36 | INFO: Extracting primitive: Cube.225
06:14:36 | INFO: Primitives created: 1
06:14:36 | INFO: Extracting primitive: Cube.227
06:14:36 | INFO: Primitives created: 1
06:14:36 | INFO: Extracting primitive: Cube.224
06:14:36 | INFO: Primitives created: 1
06:14:36 | INFO: Extracting primitive: Cube.226
06:14:36 | INFO: Primitives created: 1
06:14:36 | INFO: Extracting primitive: Cube.091
06:14:36 | INFO: Primitives created: 1
06:14:36 | INFO: Extracting primitive: Cube.092
06:14:36 | INFO: Primitives created: 1
06:14:36 | INFO: Extracting primitive: Cube.093
06:14:36 | INFO: Primitives created: 1
06:14:36 | INFO: Extracting primitive: Cube.094
06:14:36 | INFO: Primitives created: 1
06:14:36 | INFO: Extracting primitive: Cube.095
06:14:36 | INFO: Primitives created: 1
06:14:36 | INFO: Extracting primitive: Cube.096
06:14:36 | INFO: Primitives created: 1
06:14:36 | INFO: Extracting primitive: Cube.097
06:14:36 | INFO: Primitives created: 1
06:14:36 | INFO: Extracting primitive: Cube.098
06:14:36 | INFO: Primitives created: 1
06:14:36 | INFO: Extracting primitive: Cube.099
06:14:36 | INFO: Primitives created: 1
06:14:36 | INFO: Extracting primitive: Cube.100
06:14:36 | INFO: Primitives created: 1
06:14:36 | INFO: Extracting primitive: Cube.101
06:14:36 | INFO: Primitives created: 1
06:14:36 | INFO: Extracting primitive: Cube.102
06:14:36 | INFO: Primitives created: 1
06:14:36 | INFO: Extracting primitive: Cube.103
06:14:36 | INFO: Primitives created: 1
06:14:36 | INFO: Extracting primitive: Cube.104
06:14:36 | INFO: Primitives created: 1
06:14:36 | INFO: Extracting primitive: Cube.105
06:14:36 | INFO: Primitives created: 1
06:14:36 | INFO: Extracting primitive: Cube.106
06:14:36 | INFO: Primitives created: 1
06:14:36 | INFO: Finished glTF 2.0 export in 0.0744333267211914 s

TEXTURED_ASSET_PASS ranch_furniture pantry 2268 2
Blender 5.2.1 LTS (hash 9e2066aef7ef built 2026-08-25 02:38:20)

Blender quit
