00:00.782  blend            | Read blend: "E:\OpenMakaiRanch\OpenMakaiRanchGame\assets\3d\ranch_house\ranch_house_editable.blend"
E:\OpenMakaiRanch\Tools\Blender\materialize_ranch_asset.py:107: DeprecationWarning: 'Material.use_nodes' is expected to be removed in Blender 6.0
  material.use_nodes = True
Info: Saved as "residential_wing.blend"
INFO Draco is available, use library at D:\SteamLibrary\steamapps\common\Blender\5.2\scripts\addons_core\io_scene_gltf2\bf_intern_draco_bridge.dll
INFO MeshOptimizer is available, use library at D:\SteamLibrary\steamapps\common\Blender\5.2\scripts\addons_core\io_scene_gltf2\bf_intern_meshopt_bridge.dll
06:14:25 | INFO: Starting glTF 2.0 export
06:14:25 | INFO: Extracting primitive: Cube.453
06:14:25 | INFO: Primitives created: 1
06:14:25 | INFO: Extracting primitive: Gable.005
06:14:25 | INFO: Primitives created: 1
06:14:25 | INFO: Extracting primitive: Gable.004
06:14:25 | INFO: Primitives created: 1
06:14:25 | INFO: Extracting primitive: Gable.007
06:14:25 | INFO: Primitives created: 1
06:14:25 | INFO: Extracting primitive: Gable.006
06:14:25 | INFO: Primitives created: 1
06:14:25 | INFO: Extracting primitive: Cube.476
06:14:25 | INFO: Primitives created: 1
06:14:25 | INFO: Extracting primitive: Cube.499
06:14:25 | INFO: Primitives created: 1
06:14:25 | INFO: Extracting primitive: Cube.522
06:14:25 | INFO: Primitives created: 1
06:14:25 | INFO: Extracting primitive: Cube.545
06:14:25 | INFO: Primitives created: 1
06:14:25 | INFO: Extracting primitive: Cube.455
06:14:25 | INFO: Primitives created: 1
06:14:25 | INFO: Extracting primitive: Cube.456
06:14:25 | INFO: Primitives created: 1
06:14:25 | INFO: Extracting primitive: Cube.457
06:14:25 | INFO: Primitives created: 1
06:14:25 | INFO: Extracting primitive: Cube.458
06:14:25 | INFO: Primitives created: 1
06:14:25 | INFO: Extracting primitive: Cube.459
06:14:25 | INFO: Primitives created: 1
06:14:25 | INFO: Extracting primitive: Cube.460
06:14:25 | INFO: Primitives created: 1
06:14:25 | INFO: Extracting primitive: Cube.461
06:14:25 | INFO: Primitives created: 1
06:14:25 | INFO: Extracting primitive: Cube.462
06:14:25 | INFO: Primitives created: 1
06:14:25 | INFO: Extracting primitive: Cube.463
06:14:25 | INFO: Primitives created: 1
06:14:25 | INFO: Extracting primitive: Cube.464
06:14:25 | INFO: Primitives created: 1
06:14:25 | INFO: Extracting primitive: Cube.466
06:14:25 | INFO: Primitives created: 1
06:14:25 | INFO: Extracting primitive: Cube.467
06:14:25 | INFO: Primitives created: 1
06:14:25 | INFO: Extracting primitive: Cube.468
06:14:25 | INFO: Primitives created: 1
06:14:25 | INFO: Extracting primitive: Cube.469
06:14:25 | INFO: Primitives created: 1
06:14:25 | INFO: Extracting primitive: Cube.470
06:14:25 | INFO: Primitives created: 1
06:14:25 | INFO: Extracting primitive: Cube.471
06:14:25 | INFO: Primitives created: 1
06:14:25 | INFO: Extracting primitive: Cube.472
06:14:25 | INFO: Primitives created: 1
06:14:25 | INFO: Extracting primitive: Cube.473
06:14:25 | INFO: Primitives created: 1
06:14:25 | INFO: Extracting primitive: Cube.474
06:14:25 | INFO: Primitives created: 1
06:14:25 | INFO: Extracting primitive: Cube.475
06:14:25 | INFO: Primitives created: 1
06:14:25 | INFO: Extracting primitive: Cube.478
06:14:25 | INFO: Primitives created: 1
06:14:25 | INFO: Extracting primitive: Cube.479
06:14:25 | INFO: Primitives created: 1
06:14:25 | INFO: Extracting primitive: Cube.480
06:14:25 | INFO: Primitives created: 1
06:14:25 | INFO: Extracting primitive: Cube.481
06:14:25 | INFO: Primitives created: 1
06:14:25 | INFO: Extracting primitive: Cube.482
06:14:25 | INFO: Primitives created: 1
06:14:25 | INFO: Extracting primitive: Cube.483
06:14:25 | INFO: Primitives created: 1
06:14:25 | INFO: Extracting primitive: Cube.484
06:14:25 | INFO: Primitives created: 1
06:14:25 | INFO: Extracting primitive: Cube.485
06:14:25 | INFO: Primitives created: 1
06:14:25 | INFO: Extracting primitive: Cube.486
06:14:25 | INFO: Primitives created: 1
06:14:25 | INFO: Extracting primitive: Cube.487
06:14:25 | INFO: Primitives created: 1
06:14:25 | INFO: Extracting primitive: Cube.489
06:14:25 | INFO: Primitives created: 1
06:14:25 | INFO: Extracting primitive: Cube.490
06:14:25 | INFO: Primitives created: 1
06:14:25 | INFO: Extracting primitive: Cube.491
06:14:25 | INFO: Primitives created: 1
06:14:25 | INFO: Extracting primitive: Cube.492
06:14:25 | INFO: Primitives created: 1
06:14:25 | INFO: Extracting primitive: Cube.493
06:14:25 | INFO: Primitives created: 1
06:14:25 | INFO: Extracting primitive: Cube.494
06:14:25 | INFO: Primitives created: 1
06:14:25 | INFO: Extracting primitive: Cube.495
06:14:25 | INFO: Primitives created: 1
06:14:25 | INFO: Extracting primitive: Cube.496
06:14:25 | INFO: Primitives created: 1
06:14:25 | INFO: Extracting primitive: Cube.497
06:14:25 | INFO: Primitives created: 1
06:14:25 | INFO: Extracting primitive: Cube.498
06:14:25 | INFO: Primitives created: 1
06:14:25 | INFO: Extracting primitive: Cube.501
06:14:25 | INFO: Primitives created: 1
06:14:25 | INFO: Extracting primitive: Cube.502
06:14:25 | INFO: Primitives created: 1
06:14:25 | INFO: Extracting primitive: Cube.503
06:14:25 | INFO: Primitives created: 1
06:14:25 | INFO: Extracting primitive: Cube.504
06:14:25 | INFO: Primitives created: 1
06:14:25 | INFO: Extracting primitive: Cube.505
06:14:25 | INFO: Primitives created: 1
06:14:25 | INFO: Extracting primitive: Cube.506
06:14:25 | INFO: Primitives created: 1
06:14:25 | INFO: Extracting primitive: Cube.507
06:14:25 | INFO: Primitives created: 1
06:14:25 | INFO: Extracting primitive: Cube.508
06:14:25 | INFO: Primitives created: 1
06:14:25 | INFO: Extracting primitive: Cube.509
06:14:25 | INFO: Primitives created: 1
06:14:25 | INFO: Extracting primitive: Cube.510
06:14:25 | INFO: Primitives created: 1
06:14:25 | INFO: Extracting primitive: Cube.512
06:14:25 | INFO: Primitives created: 1
06:14:25 | INFO: Extracting primitive: Cube.513
06:14:25 | INFO: Primitives created: 1
06:14:25 | INFO: Extracting primitive: Cube.514
06:14:25 | INFO: Primitives created: 1
06:14:25 | INFO: Extracting primitive: Cube.515
06:14:25 | INFO: Primitives created: 1
06:14:25 | INFO: Extracting primitive: Cube.516
06:14:25 | INFO: Primitives created: 1
06:14:25 | INFO: Extracting primitive: Cube.517
06:14:25 | INFO: Primitives created: 1
06:14:25 | INFO: Extracting primitive: Cube.518
06:14:25 | INFO: Primitives created: 1
06:14:25 | INFO: Extracting primitive: Cube.519
06:14:25 | INFO: Primitives created: 1
06:14:25 | INFO: Extracting primitive: Cube.520
06:14:25 | INFO: Primitives created: 1
06:14:25 | INFO: Extracting primitive: Cube.521
06:14:25 | INFO: Primitives created: 1
06:14:25 | INFO: Extracting primitive: Cube.524
06:14:25 | INFO: Primitives created: 1
06:14:25 | INFO: Extracting primitive: Cube.525
06:14:25 | INFO: Primitives created: 1
06:14:25 | INFO: Extracting primitive: Cube.526
06:14:25 | INFO: Primitives created: 1
06:14:25 | INFO: Extracting primitive: Cube.527
06:14:25 | INFO: Primitives created: 1
06:14:25 | INFO: Extracting primitive: Cube.528
06:14:25 | INFO: Primitives created: 1
06:14:25 | INFO: Extracting primitive: Cube.529
06:14:25 | INFO: Primitives created: 1
06:14:25 | INFO: Extracting primitive: Cube.530
06:14:25 | INFO: Primitives created: 1
06:14:25 | INFO: Extracting primitive: Cube.531
06:14:25 | INFO: Primitives created: 1
06:14:25 | INFO: Extracting primitive: Cube.532
06:14:25 | INFO: Primitives created: 1
06:14:25 | INFO: Extracting primitive: Cube.533
06:14:25 | INFO: Primitives created: 1
06:14:25 | INFO: Extracting primitive: Cube.535
06:14:25 | INFO: Primitives created: 1
06:14:25 | INFO: Extracting primitive: Cube.536
06:14:25 | INFO: Primitives created: 1
06:14:25 | INFO: Extracting primitive: Cube.537
06:14:25 | INFO: Primitives created: 1
06:14:25 | INFO: Extracting primitive: Cube.538
06:14:25 | INFO: Primitives created: 1
06:14:25 | INFO: Extracting primitive: Cube.539
06:14:25 | INFO: Primitives created: 1
06:14:25 | INFO: Extracting primitive: Cube.540
06:14:25 | INFO: Primitives created: 1
06:14:25 | INFO: Extracting primitive: Cube.541
06:14:25 | INFO: Primitives created: 1
06:14:25 | INFO: Extracting primitive: Cube.542
06:14:25 | INFO: Primitives created: 1
06:14:25 | INFO: Extracting primitive: Cube.543
06:14:25 | INFO: Primitives created: 1
06:14:25 | INFO: Extracting primitive: Cube.544
06:14:25 | INFO: Primitives created: 1
06:14:25 | INFO: Extracting primitive: Cube.465
06:14:25 | INFO: Primitives created: 1
06:14:25 | INFO: Extracting primitive: Cube.454
06:14:25 | INFO: Primitives created: 1
06:14:25 | INFO: Extracting primitive: Cube.488
06:14:25 | INFO: Primitives created: 1
06:14:25 | INFO: Extracting primitive: Cube.477
06:14:25 | INFO: Primitives created: 1
06:14:25 | INFO: Extracting primitive: Cube.511
06:14:25 | INFO: Primitives created: 1
06:14:25 | INFO: Extracting primitive: Cube.500
06:14:25 | INFO: Primitives created: 1
06:14:25 | INFO: Extracting primitive: Cube.534
06:14:25 | INFO: Primitives created: 1
06:14:25 | INFO: Extracting primitive: Cube.523
06:14:25 | INFO: Primitives created: 1
06:14:25 | INFO: Extracting primitive: Cube.400
06:14:25 | INFO: Primitives created: 1
06:14:25 | INFO: Extracting primitive: Cube.401
06:14:25 | INFO: Primitives created: 1
06:14:25 | INFO: Extracting primitive: Cube.402
06:14:25 | INFO: Primitives created: 1
06:14:25 | INFO: Extracting primitive: Cube.403
06:14:25 | INFO: Primitives created: 1
06:14:25 | INFO: Extracting primitive: Cube.305
06:14:25 | INFO: Primitives created: 1
06:14:25 | INFO: Extracting primitive: Cube.406
06:14:25 | INFO: Primitives created: 1
06:14:25 | INFO: Extracting primitive: Cube.407
06:14:25 | INFO: Primitives created: 1
06:14:25 | INFO: Extracting primitive: Cube.408
06:14:25 | INFO: Primitives created: 1
06:14:25 | INFO: Extracting primitive: Cube.409
06:14:25 | INFO: Primitives created: 1
06:14:25 | INFO: Extracting primitive: Cube.410
06:14:25 | INFO: Primitives created: 1
06:14:25 | INFO: Extracting primitive: Cube.411
06:14:25 | INFO: Primitives created: 1
06:14:25 | INFO: Extracting primitive: Cube.412
06:14:25 | INFO: Primitives created: 1
06:14:25 | INFO: Extracting primitive: Cube.413
06:14:25 | INFO: Primitives created: 1
06:14:25 | INFO: Extracting primitive: Cube.414
06:14:25 | INFO: Primitives created: 1
06:14:25 | INFO: Extracting primitive: Cube.415
06:14:25 | INFO: Primitives created: 1
06:14:25 | INFO: Extracting primitive: Cube.416
06:14:25 | INFO: Primitives created: 1
06:14:25 | INFO: Extracting primitive: Cube.417
06:14:25 | INFO: Primitives created: 1
06:14:25 | INFO: Extracting primitive: Cube.418
06:14:25 | INFO: Primitives created: 1
06:14:25 | INFO: Extracting primitive: Cube.419
06:14:25 | INFO: Primitives created: 1
06:14:25 | INFO: Extracting primitive: Cube.420
06:14:25 | INFO: Primitives created: 1
06:14:25 | INFO: Extracting primitive: Cube.421
06:14:25 | INFO: Primitives created: 1
06:14:25 | INFO: Extracting primitive: Cube.422
06:14:25 | INFO: Primitives created: 1
06:14:25 | INFO: Extracting primitive: Cube.423
06:14:25 | INFO: Primitives created: 1
06:14:25 | INFO: Extracting primitive: Cube.424
06:14:25 | INFO: Primitives created: 1
06:14:25 | INFO: Extracting primitive: Cube.425
06:14:25 | INFO: Primitives created: 1
06:14:25 | INFO: Extracting primitive: Cube.426
06:14:25 | INFO: Primitives created: 1
06:14:25 | INFO: Extracting primitive: Cube.427
06:14:25 | INFO: Primitives created: 1
06:14:25 | INFO: Extracting primitive: Cube.428
06:14:25 | INFO: Primitives created: 1
06:14:25 | INFO: Extracting primitive: Cube.404
06:14:25 | INFO: Primitives created: 1
06:14:25 | INFO: Extracting primitive: Cube.405
06:14:25 | INFO: Primitives created: 1
06:14:25 | INFO: Extracting primitive: Cube.329
06:14:25 | INFO: Primitives created: 1
06:14:25 | INFO: Extracting primitive: Cube.342
06:14:25 | INFO: Primitives created: 1
06:14:25 | INFO: Extracting primitive: Cube.338
06:14:25 | INFO: Primitives created: 1
06:14:25 | INFO: Extracting primitive: Cube.339
06:14:25 | INFO: Primitives created: 1
06:14:25 | INFO: Extracting primitive: Cube.340
06:14:25 | INFO: Primitives created: 1
06:14:25 | INFO: Extracting primitive: Cube.330
06:14:25 | INFO: Primitives created: 1
06:14:25 | INFO: Extracting primitive: Cube.337
06:14:25 | INFO: Primitives created: 1
06:14:25 | INFO: Extracting primitive: Cube.343
06:14:25 | INFO: Primitives created: 1
06:14:25 | INFO: Extracting primitive: Cube.328
06:14:25 | INFO: Primitives created: 1
06:14:25 | INFO: Extracting primitive: Cube.336
06:14:25 | INFO: Primitives created: 1
06:14:25 | INFO: Extracting primitive: Cube.341
06:14:25 | INFO: Primitives created: 1
06:14:25 | INFO: Extracting primitive: Cube.349
06:14:25 | INFO: Primitives created: 1
06:14:25 | INFO: Extracting primitive: Cube.331
06:14:25 | INFO: Primitives created: 1
06:14:25 | INFO: Extracting primitive: Cube.344
06:14:25 | INFO: Primitives created: 1
06:14:25 | INFO: Extracting primitive: Cube.332
06:14:25 | INFO: Primitives created: 1
06:14:25 | INFO: Extracting primitive: Cube.345
06:14:25 | INFO: Primitives created: 1
06:14:25 | INFO: Extracting primitive: Cube.334
06:14:25 | INFO: Primitives created: 1
06:14:25 | INFO: Extracting primitive: Cube.347
06:14:25 | INFO: Primitives created: 1
06:14:25 | INFO: Extracting primitive: Cube.335
06:14:25 | INFO: Primitives created: 1
06:14:25 | INFO: Extracting primitive: Cube.348
06:14:25 | INFO: Primitives created: 1
06:14:25 | INFO: Extracting primitive: Cube.333
06:14:25 | INFO: Primitives created: 1
06:14:25 | INFO: Extracting primitive: Cube.346
06:14:25 | INFO: Primitives created: 1
06:14:25 | INFO: Extracting primitive: Cube.351
06:14:25 | INFO: Primitives created: 1
06:14:25 | INFO: Extracting primitive: Cube.359
06:14:25 | INFO: Primitives created: 1
06:14:25 | INFO: Extracting primitive: Cube.367
06:14:25 | INFO: Primitives created: 1
06:14:25 | INFO: Extracting primitive: Cube.376
06:14:25 | INFO: Primitives created: 1
06:14:25 | INFO: Extracting primitive: Cube.384
06:14:25 | INFO: Primitives created: 1
06:14:25 | INFO: Extracting primitive: Cube.392
06:14:25 | INFO: Primitives created: 1
06:14:25 | INFO: Extracting primitive: Cube.352
06:14:25 | INFO: Primitives created: 1
06:14:25 | INFO: Extracting primitive: Cube.360
06:14:25 | INFO: Primitives created: 1
06:14:25 | INFO: Extracting primitive: Cube.368
06:14:25 | INFO: Primitives created: 1
06:14:25 | INFO: Extracting primitive: Cube.377
06:14:25 | INFO: Primitives created: 1
06:14:25 | INFO: Extracting primitive: Cube.385
06:14:25 | INFO: Primitives created: 1
06:14:25 | INFO: Extracting primitive: Cube.393
06:14:25 | INFO: Primitives created: 1
06:14:25 | INFO: Extracting primitive: Cube.350
06:14:25 | INFO: Primitives created: 1
06:14:25 | INFO: Extracting primitive: Cube.358
06:14:25 | INFO: Primitives created: 1
06:14:25 | INFO: Extracting primitive: Cube.366
06:14:25 | INFO: Primitives created: 1
06:14:25 | INFO: Extracting primitive: Cube.374
06:14:25 | INFO: Primitives created: 1
06:14:25 | INFO: Extracting primitive: Cube.375
06:14:25 | INFO: Primitives created: 1
06:14:25 | INFO: Extracting primitive: Cube.383
06:14:25 | INFO: Primitives created: 1
06:14:25 | INFO: Extracting primitive: Cube.391
06:14:25 | INFO: Primitives created: 1
06:14:25 | INFO: Extracting primitive: Cube.399
06:14:25 | INFO: Primitives created: 1
06:14:25 | INFO: Extracting primitive: Cube.353
06:14:25 | INFO: Primitives created: 1
06:14:25 | INFO: Extracting primitive: Cube.361
06:14:25 | INFO: Primitives created: 1
06:14:25 | INFO: Extracting primitive: Cube.369
06:14:25 | INFO: Primitives created: 1
06:14:25 | INFO: Extracting primitive: Cube.378
06:14:25 | INFO: Primitives created: 1
06:14:25 | INFO: Extracting primitive: Cube.386
06:14:25 | INFO: Primitives created: 1
06:14:25 | INFO: Extracting primitive: Cube.394
06:14:25 | INFO: Primitives created: 1
06:14:25 | INFO: Extracting primitive: Cube.354
06:14:25 | INFO: Primitives created: 1
06:14:25 | INFO: Extracting primitive: Cube.362
06:14:25 | INFO: Primitives created: 1
06:14:25 | INFO: Extracting primitive: Cube.370
06:14:25 | INFO: Primitives created: 1
06:14:25 | INFO: Extracting primitive: Cube.379
06:14:25 | INFO: Primitives created: 1
06:14:25 | INFO: Extracting primitive: Cube.387
06:14:25 | INFO: Primitives created: 1
06:14:25 | INFO: Extracting primitive: Cube.395
06:14:25 | INFO: Primitives created: 1
06:14:25 | INFO: Extracting primitive: Cube.356
06:14:25 | INFO: Primitives created: 1
06:14:25 | INFO: Extracting primitive: Cube.364
06:14:25 | INFO: Primitives created: 1
06:14:25 | INFO: Extracting primitive: Cube.372
06:14:25 | INFO: Primitives created: 1
06:14:25 | INFO: Extracting primitive: Cube.381
06:14:25 | INFO: Primitives created: 1
06:14:25 | INFO: Extracting primitive: Cube.389
06:14:25 | INFO: Primitives created: 1
06:14:25 | INFO: Extracting primitive: Cube.397
06:14:25 | INFO: Primitives created: 1
06:14:25 | INFO: Extracting primitive: Cube.357
06:14:25 | INFO: Primitives created: 1
06:14:25 | INFO: Extracting primitive: Cube.365
06:14:25 | INFO: Primitives created: 1
06:14:25 | INFO: Extracting primitive: Cube.373
06:14:25 | INFO: Primitives created: 1
06:14:25 | INFO: Extracting primitive: Cube.382
06:14:25 | INFO: Primitives created: 1
06:14:25 | INFO: Extracting primitive: Cube.390
06:14:25 | INFO: Primitives created: 1
06:14:25 | INFO: Extracting primitive: Cube.398
06:14:25 | INFO: Primitives created: 1
06:14:25 | INFO: Extracting primitive: Cube.355
06:14:25 | INFO: Primitives created: 1
06:14:25 | INFO: Extracting primitive: Cube.363
06:14:25 | INFO: Primitives created: 1
06:14:25 | INFO: Extracting primitive: Cube.371
06:14:25 | INFO: Primitives created: 1
06:14:25 | INFO: Extracting primitive: Cube.380
06:14:25 | INFO: Primitives created: 1
06:14:25 | INFO: Extracting primitive: Cube.388
06:14:25 | INFO: Primitives created: 1
06:14:25 | INFO: Extracting primitive: Cube.396
06:14:25 | INFO: Primitives created: 1
06:14:25 | INFO: Extracting primitive: Cube.307
06:14:25 | INFO: Primitives created: 1
06:14:25 | INFO: Extracting primitive: Cube.320
06:14:25 | INFO: Primitives created: 1
06:14:25 | INFO: Extracting primitive: Cube.316
06:14:25 | INFO: Primitives created: 1
06:14:25 | INFO: Extracting primitive: Cube.317
06:14:25 | INFO: Primitives created: 1
06:14:25 | INFO: Extracting primitive: Cube.318
06:14:25 | INFO: Primitives created: 1
06:14:25 | INFO: Extracting primitive: Cube.308
06:14:25 | INFO: Primitives created: 1
06:14:25 | INFO: Extracting primitive: Cube.315
06:14:25 | INFO: Primitives created: 1
06:14:25 | INFO: Extracting primitive: Cube.321
06:14:25 | INFO: Primitives created: 1
06:14:25 | INFO: Extracting primitive: Cube.306
06:14:25 | INFO: Primitives created: 1
06:14:25 | INFO: Extracting primitive: Cube.314
06:14:25 | INFO: Primitives created: 1
06:14:25 | INFO: Extracting primitive: Cube.319
06:14:25 | INFO: Primitives created: 1
06:14:25 | INFO: Extracting primitive: Cube.327
06:14:25 | INFO: Primitives created: 1
06:14:25 | INFO: Extracting primitive: Cube.309
06:14:25 | INFO: Primitives created: 1
06:14:25 | INFO: Extracting primitive: Cube.322
06:14:25 | INFO: Primitives created: 1
06:14:25 | INFO: Extracting primitive: Cube.310
06:14:25 | INFO: Primitives created: 1
06:14:25 | INFO: Extracting primitive: Cube.323
06:14:25 | INFO: Primitives created: 1
06:14:25 | INFO: Extracting primitive: Cube.312
06:14:25 | INFO: Primitives created: 1
06:14:25 | INFO: Extracting primitive: Cube.325
06:14:25 | INFO: Primitives created: 1
06:14:25 | INFO: Extracting primitive: Cube.313
06:14:25 | INFO: Primitives created: 1
06:14:25 | INFO: Extracting primitive: Cube.326
06:14:25 | INFO: Primitives created: 1
06:14:25 | INFO: Extracting primitive: Cube.311
06:14:25 | INFO: Primitives created: 1
06:14:25 | INFO: Extracting primitive: Cube.324
06:14:25 | INFO: Primitives created: 1
06:14:25 | INFO: Extracting primitive: Cube.431
06:14:25 | INFO: Primitives created: 1
06:14:25 | INFO: Extracting primitive: Cube.436
06:14:25 | INFO: Primitives created: 1
06:14:25 | INFO: Extracting primitive: Cube.442
06:14:25 | INFO: Primitives created: 1
06:14:25 | INFO: Extracting primitive: Cube.447
06:14:25 | INFO: Primitives created: 1
06:14:25 | INFO: Extracting primitive: Cube.432
06:14:25 | INFO: Primitives created: 1
06:14:25 | INFO: Extracting primitive: Cube.437
06:14:25 | INFO: Primitives created: 1
06:14:25 | INFO: Extracting primitive: Cube.443
06:14:25 | INFO: Primitives created: 1
06:14:25 | INFO: Extracting primitive: Cube.448
06:14:25 | INFO: Primitives created: 1
06:14:25 | INFO: Extracting primitive: Cube.433
06:14:25 | INFO: Primitives created: 1
06:14:25 | INFO: Extracting primitive: Cube.438
06:14:25 | INFO: Primitives created: 1
06:14:25 | INFO: Extracting primitive: Cube.444
06:14:25 | INFO: Primitives created: 1
06:14:25 | INFO: Extracting primitive: Cube.449
06:14:25 | INFO: Primitives created: 1
06:14:25 | INFO: Extracting primitive: Cube.430
06:14:25 | INFO: Primitives created: 1
06:14:25 | INFO: Extracting primitive: Cube.435
06:14:25 | INFO: Primitives created: 1
06:14:25 | INFO: Extracting primitive: Cube.441
06:14:25 | INFO: Primitives created: 1
06:14:25 | INFO: Extracting primitive: Cube.446
06:14:25 | INFO: Primitives created: 1
06:14:25 | INFO: Extracting primitive: Cube.429
06:14:25 | INFO: Primitives created: 1
06:14:25 | INFO: Extracting primitive: Cube.434
06:14:25 | INFO: Primitives created: 1
06:14:25 | INFO: Extracting primitive: Cube.439
06:14:25 | INFO: Primitives created: 1
06:14:25 | INFO: Extracting primitive: Cube.440
06:14:25 | INFO: Primitives created: 1
06:14:25 | INFO: Extracting primitive: Cube.445
06:14:25 | INFO: Primitives created: 1
06:14:25 | INFO: Extracting primitive: Cube.450
06:14:25 | INFO: Primitives created: 1
06:14:25 | INFO: Extracting primitive: Cube.451
06:14:25 | INFO: Primitives created: 1
06:14:25 | INFO: Extracting primitive: Cube.452
06:14:25 | INFO: Primitives created: 1
06:14:25 | INFO: Finished glTF 2.0 export in 0.3899531364440918 s

TEXTURED_ASSET_PASS ranch_house residential_wing 15980 3
Blender 5.2.1 LTS (hash 9e2066aef7ef built 2026-08-25 02:38:20)

Blender quit
