00:00.765  blend            | Read blend: "E:\OpenMakaiRanch\OpenMakaiRanchGame\assets\3d\ranch_furniture\ranch_furniture.blend"
E:\OpenMakaiRanch\Tools\Blender\materialize_ranch_asset.py:107: DeprecationWarning: 'Material.use_nodes' is expected to be removed in Blender 6.0
  material.use_nodes = True
Info: Saved as "table.blend"
INFO Draco is available, use library at D:\SteamLibrary\steamapps\common\Blender\5.2\scripts\addons_core\io_scene_gltf2\bf_intern_draco_bridge.dll
INFO MeshOptimizer is available, use library at D:\SteamLibrary\steamapps\common\Blender\5.2\scripts\addons_core\io_scene_gltf2\bf_intern_meshopt_bridge.dll
06:14:28 | INFO: Starting glTF 2.0 export
06:14:28 | INFO: Extracting primitive: Cube.034
06:14:28 | INFO: Primitives created: 1
06:14:28 | INFO: Extracting primitive: Cube.035
06:14:28 | INFO: Primitives created: 1
06:14:28 | INFO: Extracting primitive: Cube.036
06:14:28 | INFO: Primitives created: 1
06:14:28 | INFO: Extracting primitive: Cube.037
06:14:28 | INFO: Primitives created: 1
06:14:28 | INFO: Extracting primitive: Cube.029
06:14:28 | INFO: Primitives created: 1
06:14:28 | INFO: Extracting primitive: Cube.030
06:14:28 | INFO: Primitives created: 1
06:14:28 | INFO: Extracting primitive: Cube.031
06:14:28 | INFO: Primitives created: 1
06:14:28 | INFO: Extracting primitive: Cube.032
06:14:28 | INFO: Primitives created: 1
06:14:28 | INFO: Extracting primitive: Cube.033
06:14:28 | INFO: Primitives created: 1
06:14:28 | INFO: Extracting primitive: turned_leg
06:14:28 | INFO: Primitives created: 1
06:14:28 | INFO: Extracting primitive: turned_leg.001
06:14:28 | INFO: Primitives created: 1
06:14:28 | INFO: Extracting primitive: turned_leg.002
06:14:28 | INFO: Primitives created: 1
06:14:28 | INFO: Extracting primitive: turned_leg.003
06:14:28 | INFO: Primitives created: 1
06:14:28 | INFO: Finished glTF 2.0 export in 0.0674886703491211 s

TEXTURED_ASSET_PASS ranch_furniture table 2620 2
Blender 5.2.1 LTS (hash 9e2066aef7ef built 2026-08-25 02:38:20)

Blender quit
