00:00.781  blend            | Read blend: "E:\OpenMakaiRanch\OpenMakaiRanchGame\assets\3d\ranch_furniture\ranch_furniture.blend"
E:\OpenMakaiRanch\Tools\Blender\materialize_ranch_asset.py:107: DeprecationWarning: 'Material.use_nodes' is expected to be removed in Blender 6.0
  material.use_nodes = True
Info: Saved as "wardrobe.blend"
INFO Draco is available, use library at D:\SteamLibrary\steamapps\common\Blender\5.2\scripts\addons_core\io_scene_gltf2\bf_intern_draco_bridge.dll
INFO MeshOptimizer is available, use library at D:\SteamLibrary\steamapps\common\Blender\5.2\scripts\addons_core\io_scene_gltf2\bf_intern_meshopt_bridge.dll
06:14:34 | INFO: Starting glTF 2.0 export
06:14:34 | INFO: Extracting primitive: Cube.082
06:14:34 | INFO: Primitives created: 1
06:14:34 | INFO: Extracting primitive: Cube.083
06:14:34 | INFO: Primitives created: 1
06:14:34 | INFO: Extracting primitive: Cube.087
06:14:34 | INFO: Primitives created: 1
06:14:34 | INFO: Extracting primitive: Cube.086
06:14:34 | INFO: Primitives created: 1
06:14:34 | INFO: Extracting primitive: Cube.090
06:14:34 | INFO: Primitives created: 1
06:14:34 | INFO: Extracting primitive: Cube.074
06:14:34 | INFO: Primitives created: 1
06:14:34 | INFO: Extracting primitive: Cube.075
06:14:34 | INFO: Primitives created: 1
06:14:34 | INFO: Extracting primitive: Cube.076
06:14:34 | INFO: Primitives created: 1
06:14:34 | INFO: Extracting primitive: Cube.077
06:14:34 | INFO: Primitives created: 1
06:14:34 | INFO: Extracting primitive: Cube.084
06:14:34 | INFO: Primitives created: 1
06:14:34 | INFO: Extracting primitive: Cube.085
06:14:34 | INFO: Primitives created: 1
06:14:34 | INFO: Extracting primitive: Cube.088
06:14:34 | INFO: Primitives created: 1
06:14:34 | INFO: Extracting primitive: Cube.089
06:14:34 | INFO: Primitives created: 1
06:14:34 | INFO: Extracting primitive: Cube.080
06:14:34 | INFO: Primitives created: 1
06:14:34 | INFO: Extracting primitive: Cube.081
06:14:34 | INFO: Primitives created: 1
06:14:34 | INFO: Extracting primitive: Cube.078
06:14:34 | INFO: Primitives created: 1
06:14:34 | INFO: Extracting primitive: Cube.079
06:14:34 | INFO: Primitives created: 1
06:14:34 | INFO: Finished glTF 2.0 export in 0.06834292411804199 s

TEXTURED_ASSET_PASS ranch_furniture wardrobe 1836 2
Blender 5.2.1 LTS (hash 9e2066aef7ef built 2026-08-25 02:38:20)

Blender quit
